############################################################
# azure_connector TC 통합 Evidence
# 생성: 2026-08-11 14:29:10
# DUT: 192.168.10.25
# 스크립트 md5(실행 당시): a440c0a2778777ff95ea7be4ac92ebec
# 결과: PASS=5 / FAIL=27 (핵심 원인: TC02 이후 인증서 디렉토리 공백 상태, result.md 참고)
############################################################

############################################################
# FILE: azure_connector_run1/main.log
############################################################
Warning: Permanently added '192.168.10.25' (ECDSA) to the list of known hosts.
============================================
 azure_connector TC
 Tue Aug 11 13:18:26 KST 2026
============================================
=== TC01: SKIP (개발자 검토 대기 — tc_azure_connector.md 참고) ===
=== TC02: Device Provisioning - edge_device_id 설정 및 DPS 등록 트리거 ===
  응답: {"error_code":"NONE","payload":{"result":true}}
[PASS] TC02-1: set_edge_device_id 응답 result=true
  $ sh -c journalctl -u docker-loader --since '10 seconds ago' | grep -F -- 'edge_device_id set: TC_AZ02_1786421906'
    Aug 11 13:18:26 qcells-emsplus docker-loader[36569]: [13:18:26:638][I][AZ] [handle_request_set_edge_device_id] edge_device_id set: TC_AZ02_1786421906
    exit_code:0
[PASS] TC02-2: edge_device_id 설정 로그 존재
  [WAIT] DPS 등록 재시도 주기 대기 (최대 30초)...
  $ sh -c journalctl -u docker-loader --since '40 seconds ago' | grep -F -- 'Attempting device registration with DPS...'
    exit_code:0
[FAIL] TC02-3: DPS 등록 시도 로그 존재
  $ sh -c journalctl -u docker-loader --since '40 seconds ago' | grep -E 'Device registration successful|will retry later'
    exit_code:0
[FAIL] TC02-4: DPS 등록 결과 로그 존재(성공/실패 무관)
=== TC03: 인증서 파일 손상 시 재발급 동작 확인 (파괴적 시험) ===
[FAIL] TC03-1: 손상된 인증서 로드 실패 로그
  [REASON] cert not found: /edge/sp/secrets/dp/full_chain_cert.pem
[FAIL] TC03-2: 재발급(enrollment) 트리거 로그
  [REASON] cert not found: /edge/sp/secrets/dp/full_chain_cert.pem
[FAIL] TC03-3: 재발급 완료 로그
  [REASON] cert not found: /edge/sp/secrets/dp/full_chain_cert.pem
[FAIL] TC03-4: 파일이 유효한 PEM으로 복구됨
  [REASON] cert not found: /edge/sp/secrets/dp/full_chain_cert.pem
=== TC04: 인증서 파일 삭제 시 재발급 동작 확인 (파괴적 시험) ===
[FAIL] TC04-1: 인증서 부재 감지 로그
  [REASON] cert not found before test: /edge/sp/secrets/dp/full_chain_cert.pem
[FAIL] TC04-2: 재발급 완료 로그
  [REASON] cert not found before test: /edge/sp/secrets/dp/full_chain_cert.pem
[FAIL] TC04-3: 파일이 재생성됨
  [REASON] cert not found before test: /edge/sp/secrets/dp/full_chain_cert.pem
=== TC05: SKIP (개발자 검토 대기 — tc_azure_connector.md 참고) ===
=== TC06: Blob Storage 업로드 (로컬 프로토콜/로그 레벨) ===
  $ sh -c echo 'tc_azure_connector blob test 2026-08-11T13:18:56+09:00' > /tmp/tc_az_blob_test.txt
    exit_code:0
  응답: 
[FAIL] TC06-1: upload_file_to_blob 응답 error_code=NONE
  [REASON] response=
  $ sh -c journalctl -u docker-loader --since '40 seconds ago' | grep -F -- '/tmp/tc_az_blob_test.txt -> tc_test/tc_az_blob_test.txt'
    Aug 11 13:18:57 qcells-emsplus docker-loader[36569]: [13:18:57:442][I][AZ] [upload_file_to_blob] source: tc_runner, file: /tmp/tc_az_blob_test.txt -> tc_test/tc_az_blob_test.txt
    exit_code:0
[PASS] TC06-2: 업로드 요청 로그 존재
  $ sh -c journalctl -u docker-loader --since '40 seconds ago' | grep -F -- '[BlobTransport] SDK result: 0 (ok)'
    exit_code:0
[FAIL] TC06-3: SDK 업로드 성공 로그
  [MANUAL] TC06-4: Azure Portal Storage 컨테이너에서 tc_test/tc_az_blob_test.txt 실물 확인 필요 — TC12 참고 (자동 판정 대상 아님)
=== TC07: Message Queueing - Offline 상태에서 Telemetry 축적 ===
  $ sqlite3 /edge/db/iothub_messages.db SELECT COUNT(*) FROM iothub_msgs_telemetry;
    /tmp/tc_azure_connector.sh: line 41: sqlite3: command not found
    exit_code:0
  BEFORE_COUNT=0
  $ iptables -A OUTPUT -p tcp --dport 8883 -j DROP
    exit_code:0
  [WAIT] 연결 끊김 반영 대기 (최대 60초)...
  $ sh -c journalctl -u docker-loader --since '60 seconds ago' | grep -F -- 'Disconnected from Azure IoT Hub.'
    exit_code:0
[FAIL] TC07-1: 오프라인 전환 로그 확인
  $ sqlite3 /edge/db/iothub_messages.db SELECT COUNT(*) FROM iothub_msgs_telemetry;
    /tmp/tc_azure_connector.sh: line 41: sqlite3: command not found
    exit_code:0
[FAIL] TC07-2: 1차 발행 후 telemetry 테이블 row +1
  [REASON] before=0 after=
  [WAIT] min_insert_interval_ms(45초) 경과 대기...
  $ sqlite3 /edge/db/iothub_messages.db SELECT COUNT(*) FROM iothub_msgs_telemetry;
    /tmp/tc_azure_connector.sh: line 41: sqlite3: command not found
    exit_code:0
[FAIL] TC07-3: 45초 간격 2차 발행 후 row +1 추가
  [REASON] before=0 after=
  [NOTE] iptables DROP 규칙은 TC08(재연결 검증)로 넘김 — 여기서 해제하지 않음
=== TC08: Message Queueing - Cloud 재연결 후 Telemetry 재발송 ===
  $ iptables -D OUTPUT -p tcp --dport 8883 -j DROP
    exit_code:0
  [WAIT] 재연결 로그 대기 (최대 60초)...
  $ sh -c journalctl -u docker-loader --since '70 seconds ago' | grep -F -- 'Connected to Azure IoT Hub.'
    exit_code:0
[FAIL] TC08-1: 재연결 로그 확인
  [POLL] telemetry row 0 도달까지 최대 180초, 10초 간격 폴링...
  $ sqlite3 /edge/db/iothub_messages.db SELECT COUNT(*) FROM iothub_msgs_telemetry;
    /tmp/tc_azure_connector.sh: line 41: sqlite3: command not found
    exit_code:0
[PASS] TC08-2: telemetry row가 재연결 후 0으로 감소
  $ sh -c journalctl -u docker-loader --since '3 minutes ago' | grep -F -- '[QueueProcessor]'
    exit_code:0
[FAIL] TC08-3: QueueProcessor 발송 로그 존재
=== TC09: 서버(C2D) 메시지 수신 로그 확인 (반자동) ===
  [MANUAL] azure_connector 로그 레벨이 DEBUG 이상인지 사전 확인 필요
  [MANUAL] 지금부터 60초 이내에 Azure IoT Explorer로 이 device id에
  [MANUAL] payload에 'tc_az09_probe' 문자열을 포함한 C2D 메시지를 전송하세요.
  [WAIT] 60초 대기...
  $ sh -c journalctl -u docker-loader --since '70 seconds ago' | grep -F -- '[C2D] received'
    exit_code:0
[FAIL] TC09-1: C2D 수신 로그 출현
  [REASON] 수동 발신 미실행 또는 로그 레벨이 DEBUG 미만일 수 있음
  $ sh -c journalctl -u docker-loader --since '70 seconds ago' | grep -F -- '[C2D] received' | grep -F -- 'tc_az09_probe'
    exit_code:0
[FAIL] TC09-2: 수신 payload에 시험 식별자 포함
=== TC10: Azure IoT Hub 연결 상태 모니터링 ===
  $ sh -c journalctl -u docker-loader --since '5 minutes ago' | grep -F -- 'Connected to Azure IoT Hub.'
    exit_code:0
[FAIL] TC10-1: 초기 연결 로그 확인
  $ echo 
    
    exit_code:0
[FAIL] TC10-2: 초기 알림 connection=true
  [REASON] noti=
  $ iptables -A OUTPUT -p tcp --dport 8883 -j DROP
    exit_code:0
  [WAIT] 연결 해제 반영 대기 (최대 60초)...
  $ sh -c journalctl -u docker-loader --since '70 seconds ago' | grep -F -- 'Disconnected from Azure IoT Hub. Reason:'
    exit_code:0
[FAIL] TC10-3: 차단 후 연결 해제 로그
  $ echo 
    
    exit_code:0
[FAIL] TC10-4: 차단 후 알림 connection=false
  [REASON] noti=
  $ iptables -D OUTPUT -p tcp --dport 8883 -j DROP
    exit_code:0
  [WAIT] 재연결 반영 대기 (최대 60초)...
  $ sh -c journalctl -u docker-loader --since '70 seconds ago' | grep -F -- 'Connected to Azure IoT Hub.'
    exit_code:0
[FAIL] TC10-5: 해제 후 재연결 로그
  $ echo 
    
    exit_code:0
[FAIL] TC10-6: 재연결 알림 connection=true
  [REASON] noti=
=== TC11: X.509 인증서 파일 존재 및 유효성 검사 ===
  $ ls -la /edge/sp/secrets/dp/cacert_0.pem /edge/sp/secrets/dp/device_private_key.pem /edge/sp/secrets/dp/full_chain_cert.pem /edge/sp/secrets/dp/leafcert_0.pem
    ls: cannot access '/edge/sp/secrets/dp/cacert_0.pem': No such file or directory
    ls: cannot access '/edge/sp/secrets/dp/device_private_key.pem': No such file or directory
    ls: cannot access '/edge/sp/secrets/dp/full_chain_cert.pem': No such file or directory
    ls: cannot access '/edge/sp/secrets/dp/leafcert_0.pem': No such file or directory
    exit_code:0
[FAIL] TC11-1: 4개 인증서 파일 존재
  $ sh -c cd '/edge/sp/secrets/dp' && openssl verify -CAfile cacert_0.pem full_chain_cert.pem
    Error loading file cacert_0.pem
    20F0D885FFFF0000:error:80000002:system library:BIO_new_file:No such file or directory:../openssl-3.0.5/crypto/bio/bss_file.c:67:calling fopen(cacert_0.pem, r)
    20F0D885FFFF0000:error:10000080:BIO routines:BIO_new_file:no such file:../openssl-3.0.5/crypto/bio/bss_file.c:75:
    20F0D885FFFF0000:error:05880002:x509 certificate routines:X509_load_cert_crl_file_ex:system lib:../openssl-3.0.5/crypto/x509/by_file.c:228:
    exit_code:0
[FAIL] TC11-2: full_chain_cert.pem 체인 검증 OK
  [REASON] verify_out=Error loading file cacert_0.pem
2010529EFFFF0000:error:80000002:system library:BIO_new_file:No such file or directory:../openssl-3.0.5/crypto/bio/bss_file.c:67:calling fopen(cacert_0.pem, r)
2010529EFFFF0000:error:10000080:BIO routines:BIO_new_file:no such file:../openssl-3.0.5/crypto/bio/bss_file.c:75:
2010529EFFFF0000:error:05880002:x509 certificate routines:X509_load_cert_crl_file_ex:system lib:../openssl-3.0.5/crypto/x509/by_file.c:228:
  $ diff /dev/fd/63 /dev/fd/62
    exit_code:0
[PASS] TC11-3: 키페어 일치
  $ sh -c journalctl -u docker-loader --since '5 minutes ago' | grep -F -- 'Connected to Azure IoT Hub.'
    exit_code:0
[FAIL] TC11-4: 해당 인증서로 IoT Hub 연결 성립

============================================
 결과: PASS=5  FAIL=27
============================================
exit=0
RUN_END: 13:27:52
