############################################################
# db_manager TC 통합 Evidence
# 생성: 2026-08-11 12:32:05
# DUT: 192.168.10.25
# 스크립트 md5: d37e2e862397f714b7228636910d3c2e
# 결과: PASS=22 / FAIL=4
############################################################

############################################################
# FILE: db_manager_run2/main.log
############################################################
Warning: Permanently added '192.168.10.25' (ECDSA) to the list of known hosts.
============================================
 db_manager TC
 Tue Aug 11 12:26:45 KST 2026
============================================
=== TC01: Configuration 테이블 생성 및 select_all_records 조회 ===
  응답: {"error_code":"NONE","payload":{"db":"edge_storage.db","records":[],"result":true,"table":"configuration"}}
[PASS] TC01-1: 응답 수신
[PASS] TC01-2: result=true
[PASS] TC01-3: table 필드 일치
[PASS] TC01-4: records 필드가 JSON 배열
=== TC02: Configuration 이력 정보 클라우드 전달 (SyncConfigurationRequest) ===
  [사전조건] sqlite3 강제 insert로 unsynced 레코드 2건(version 0,1) 생성 후 uplink_ready false->true 주입
  $ sqlite3 /edge/db/edge_storage.db .schema configuration
    /tmp/tc_db_manager.sh: line 58: sqlite3: command not found
    exit_code:0
  $ sqlite3 /edge/db/edge_storage.db INSERT INTO configuration (value) VALUES ('{"version":0,"tc_marker":"tc_db_manager_tc02"}');
    /tmp/tc_db_manager.sh: line 58: sqlite3: command not found
    exit_code:0
  $ sqlite3 /edge/db/edge_storage.db INSERT INTO configuration (value) VALUES ('{"version":1,"tc_marker":"tc_db_manager_tc02"}');
    /tmp/tc_db_manager.sh: line 58: sqlite3: command not found
    exit_code:0
  baseline=2026-08-11 12:26:45
  동기화 트리거 대기 (10초)...
  $ journalctl -u docker-loader --since 2026-08-11 12:26:45
    Aug 11 12:26:45 qcells-emsplus docker-loader[36569]: [12:26:45:777][D][DB] [DbManager] request select_all_records from tc_runner, tid: , timestamp:
    Aug 11 12:26:45 qcells-emsplus docker-loader[36569]: [12:26:45:863][I][ER] Cloud uplink (tc_runner) ready=false
    Aug 11 12:26:45 qcells-emsplus docker-loader[36569]: [12:26:45:863][I][EL] Cloud uplink (tc_runner) ready=false
    Aug 11 12:26:45 qcells-emsplus docker-loader[36569]: [12:26:45:863][I][DB] Cloud uplink (tc_runner) ready=false
    Aug 11 12:26:45 qcells-emsplus docker-loader[36569]: [12:26:45:863][D][DB] [DbManager] handle_noti_uplink_ready timestamp:  source: tc_runner service: uplink_ready
    Aug 11 12:26:45 qcells-emsplus docker-loader[36569]: [12:26:45:863][I][DB] Cloud uplink ready status: not_ready
    Aug 11 12:26:45 qcells-emsplus docker-loader[36569]: [12:26:45:864][I][SM] Cloud uplink (tc_runner) ready=false
    Aug 11 12:26:45 qcells-emsplus docker-loader[36569]: [12:26:45:864][I][AZ] Cloud uplink (tc_runner) ready=false
    Aug 11 12:26:45 qcells-emsplus docker-loader[36569]: [12:26:45:865][I][DM] Cloud uplink (tc_runner) ready=false
    Aug 11 12:26:45 qcells-emsplus docker-loader[36569]: [12:26:45:867][I][SC] Cloud uplink (tc_runner) ready=false
    Aug 11 12:26:45 qcells-emsplus docker-loader[36569]: [12:26:45:865][I][ET] Cloud uplink (tc_runner) ready=false
    Aug 11 12:26:45 qcells-emsplus docker-loader[36569]: [12:26:45:865][W][ET] Unknown service for notification: uplink_ready
    Aug 11 12:26:45 qcells-emsplus docker-loader[36569]: [12:26:45:865][I][DI] Cloud uplink (tc_runner) ready=false
    Aug 11 12:26:45 qcells-emsplus docker-loader[36569]: [12:26:45:866][W][DI] Unknown service for notification: uplink_ready
    Aug 11 12:26:45 qcells-emsplus docker-loader[36569]: [12:26:45:866][I][SL] Cloud uplink (tc_runner) ready=false
    Aug 11 12:26:45 qcells-emsplus docker-loader[36569]: [12:26:45:868][I][UM] Cloud uplink (tc_runner) ready=false
    Aug 11 12:26:45 qcells-emsplus docker-loader[36569]: [12:26:45:868][W][UM] Unknown service for notification: uplink_ready
    Aug 11 12:26:45 qcells-emsplus docker-loader[36569]: [12:26:45:868][I][RT] Cloud uplink (tc_runner) ready=false
    Aug 11 12:26:45 qcells-emsplus docker-loader[36569]: [12:26:45:868][W][RT] Unknown service for notification: uplink_ready
    Aug 11 12:26:45 qcells-emsplus docker-loader[36569]: [12:26:45:868][I][ED] Cloud uplink (tc_runner) ready=false
    Aug 11 12:26:45 qcells-emsplus docker-loader[36569]: [12:26:45:868][W][ED] Unknown service for notification: uplink_ready
    Aug 11 12:26:45 qcells-emsplus docker-loader[36569]: [12:26:45:869][I][CB] Cloud uplink (tc_runner) ready=false
    Aug 11 12:26:45 qcells-emsplus docker-loader[36569]: [12:26:45:869][I][VL] Cloud uplink (tc_runner) ready=false
    Aug 11 12:26:45 qcells-emsplus docker-loader[36569]: [12:26:45:869][I][BC] Cloud uplink (tc_runner) ready=false
    Aug 11 12:26:45 qcells-emsplus docker-loader[36569]: [12:26:45:869][I][GM] Cloud uplink (tc_runner) ready=false
    Aug 11 12:26:45 qcells-emsplus docker-loader[36569]: [12:26:45:869][I][DL] Cloud uplink (tc_runner) ready=false
    Aug 11 12:26:45 qcells-emsplus docker-loader[36569]: [12:26:45:869][W][DL] Unknown service for notification: uplink_ready
    Aug 11 12:26:46 qcells-emsplus docker-loader[36569]: [12:26:46:901][I][ER] Cloud uplink (tc_runner) ready=true
    Aug 11 12:26:46 qcells-emsplus docker-loader[36569]: [12:26:46:902][I][DM] Cloud uplink (tc_runner) ready=true
    Aug 11 12:26:46 qcells-emsplus docker-loader[36569]: [12:26:46:902][I][ET] Cloud uplink (tc_runner) ready=true
    Aug 11 12:26:46 qcells-emsplus docker-loader[36569]: [12:26:46:902][W][ET] Unknown service for notification: uplink_ready
    Aug 11 12:26:46 qcells-emsplus docker-loader[36569]: [12:26:46:904][I][BC] Cloud uplink (tc_runner) ready=true
    Aug 11 12:26:46 qcells-emsplus docker-loader[36569]: [12:26:46:905][I][RT] Cloud uplink (tc_runner) ready=true
    Aug 11 12:26:46 qcells-emsplus docker-loader[36569]: [12:26:46:905][W][RT] Unknown service for notification: uplink_ready
    Aug 11 12:26:46 qcells-emsplus docker-loader[36569]: [12:26:46:906][I][DL] Cloud uplink (tc_runner) ready=true
    Aug 11 12:26:46 qcells-emsplus docker-loader[36569]: [12:26:46:906][W][DL] Unknown service for notification: uplink_ready
    Aug 11 12:26:46 qcells-emsplus docker-loader[36569]: [12:26:46:965][I][EL] Cloud uplink (tc_runner) ready=true
    Aug 11 12:26:46 qcells-emsplus docker-loader[36569]: [12:26:46:965][I][DB] Cloud uplink (tc_runner) ready=true
    Aug 11 12:26:46 qcells-emsplus docker-loader[36569]: [12:26:46:965][I][AZ] Cloud uplink (tc_runner) ready=true
    Aug 11 12:26:46 qcells-emsplus docker-loader[36569]: [12:26:46:965][D][DB] [DbManager] handle_noti_uplink_ready timestamp:  source: tc_runner service: uplink_ready
    Aug 11 12:26:46 qcells-emsplus docker-loader[36569]: [12:26:46:965][I][DB] Cloud uplink ready status: ready
    Aug 11 12:26:46 qcells-emsplus docker-loader[36569]: [12:26:46:965][I][DB] Cloud uplink became ready, starting sync...
    Aug 11 12:26:46 qcells-emsplus docker-loader[36569]: [12:26:46:965][I][DB] Syncing configuration to IoT Hub
    Aug 11 12:26:46 qcells-emsplus docker-loader[36569]: [12:26:46:965][I][SM] Cloud uplink (tc_runner) ready=true
    Aug 11 12:26:46 qcells-emsplus docker-loader[36569]: [12:26:46:966][I][DB] Found 1 unsynced configuration records
    Aug 11 12:26:46 qcells-emsplus docker-loader[36569]: [12:26:46:967][I][SL] Cloud uplink (tc_runner) ready=true
    Aug 11 12:26:46 qcells-emsplus docker-loader[36569]: [12:26:46:967][I][DI] Cloud uplink (tc_runner) ready=true
    Aug 11 12:26:46 qcells-emsplus docker-loader[36569]: [12:26:46:967][W][DI] Unknown service for notification: uplink_ready
    Aug 11 12:26:46 qcells-emsplus docker-loader[36569]: [12:26:46:968][I][ED] Cloud uplink (tc_runner) ready=true
    Aug 11 12:26:46 qcells-emsplus docker-loader[36569]: [12:26:46:968][W][ED] Unknown service for notification: uplink_ready
    Aug 11 12:26:46 qcells-emsplus docker-loader[36569]: [12:26:46:969][I][SC] Cloud uplink (tc_runner) ready=true
    Aug 11 12:26:46 qcells-emsplus docker-loader[36569]: [12:26:46:970][I][CB] Cloud uplink (tc_runner) ready=true
    Aug 11 12:26:46 qcells-emsplus docker-loader[36569]: [12:26:46:970][I][GM] Cloud uplink (tc_runner) ready=true
    Aug 11 12:26:46 qcells-emsplus docker-loader[36569]: [12:26:46:971][I][VL] Cloud uplink (tc_runner) ready=true
    Aug 11 12:26:46 qcells-emsplus docker-loader[36569]: [12:26:46:975][I][UM] Cloud uplink (tc_runner) ready=true
    Aug 11 12:26:46 qcells-emsplus docker-loader[36569]: [12:26:46:975][W][UM] Unknown service for notification: uplink_ready
    Aug 11 12:26:46 qcells-emsplus docker-loader[36569]: [12:26:46:986][W][DB] Expiring stale correlation entry: msg-3f3adbca-cec6-4cdb-b285-a66afd3762dd
    Aug 11 12:26:46 qcells-emsplus docker-loader[36569]: [12:26:46:991][W][DB] Expiring stale correlation entry: msg-5aeebc55-fd0e-44d0-944a-27b64c057282
    Aug 11 12:26:46 qcells-emsplus docker-loader[36569]: [12:26:46:991][W][DB] Expiring stale correlation entry: msg-76900e8c-a47f-4f4a-ac45-e0c07c472aa3
    Aug 11 12:26:47 qcells-emsplus docker-loader[36569]: [12:26:46:999][W][DB] Expiring stale correlation entry: msg-f7745893-b71e-49ff-b76d-a907cecb2d7a
    Aug 11 12:26:47 qcells-emsplus docker-loader[36569]: [12:26:47:007][I][DB] Mapped correlationId msg-cebc1427-282b-4842-a3ac-69edec23610a to DB key 1 and stored device list
    Aug 11 12:26:47 qcells-emsplus docker-loader[36569]: [12:26:47:021][I][DB] Configuration data sent to IoT Hub successfully for key 1 with correlationId: msg-cebc1427-282b-4842-a3ac-69edec23610a
    Aug 11 12:26:47 qcells-emsplus docker-loader[36569]: [12:26:47:029][I][DB] Syncing register map to IoT Hub
    Aug 11 12:26:47 qcells-emsplus docker-loader[36569]: [12:26:47:036][I][DB] Found 1 unsynced register map records
    Aug 11 12:26:47 qcells-emsplus docker-loader[36569]: [12:26:47:043][I][CB] [MSG] D2C out | messageType=SyncConfigurationRequest from=db_manager correlationId=msg-cebc1427-282b-4842-a3ac-69edec23610a
    Aug 11 12:26:47 qcells-emsplus docker-loader[36569]: [12:26:47:055][W][AZ] [REALTIME] Device disconnected, dropping realtime message (4 more suppressed in the last 30s)
    Aug 11 12:26:47 qcells-emsplus docker-loader[36569]: [12:26:47:174][I][DB] Mapped correlationId msg-b1b5b221-041a-43c6-b2b1-556997a70333 to register_map DB key 1
    Aug 11 12:26:47 qcells-emsplus docker-loader[36569]: [12:26:47:270][I][DB] Register map data sent to IoT Hub successfully with correlationId: msg-b1b5b221-041a-43c6-b2b1-556997a70333
    Aug 11 12:26:47 qcells-emsplus docker-loader[36569]: [12:26:47:414][I][CB] [MSG] D2C out | messageType=SyncRegisterMapRequest from=db_manager correlationId=msg-b1b5b221-041a-43c6-b2b1-556997a70333
    exit_code:0
[PASS] TC02-1: 동기화 트리거 로그 출현
[FAIL] TC02-2: unsynced 레코드 수 >= 2
    unsynced_count=1
[FAIL] TC02-3: D2C 전송 시도 로그 2건 이상
    sent_count=1
=== TC03: Persistent State 변경 정보 전달 (update_records 즉시 반영) ===
  select_all_records 응답: {"error_code":"NONE","payload":{"db":"edge_storage.db","records":[{"key":"firmware_update_state","type":1,"value":"0"},{"key":"cloud_connected_time","type":10,"value":""},{"key":"cloud_disconnected_time","type":10,"value":""},{"key":"MIScanResult","type":10,"value":"{\"mi_plc_addresses\":[]}"},{"key":"energy_monitor_accum_data","type":10,"value":"{\"devices\":[{\"assetId\":\"5920259c-e6ff-4d31-9f9b-5a5c663548dd\",\"dailyCumulativeValues\":{\"battery_701_DailyWhAbs\":0.0,\"battery_701_DailyWhInj\":0.0,\"battery_714_DailyDCWhAbs\":0.0,\"battery_714_DailyDCWhInj\":0.0,\"extpv_701_DailyWhAbs\":0.0,\"pv_701_DailyWhAbs\":0.0}},{\"assetId\":\"1c6c8562-955e-4bd1-bb4e-1656ca2317a5\",\"dailyCumulativeValues\":{\"pv_701_DailyWhAbs\":0.0}},{\"assetId\":\"ba49edcc-76fc-45d6-b68b-269eb3a4b41e\",\"dailyCumulativeValues\":{\"pv_701_DailyWhAbs\":0.0}}],\"site\":{\"assetId\":\"a2102559-45cb-4dc9-9b1a-495bb4571518\",\"dailyCumulativeValues\":{\"battery_200_DailyWhExp\":0.0,\"battery_200_DailyWhImp\":0.0,\"extpv_200_DailyWhExp\":0.0,\"grid_200_DailyWhExp\":0.0,\"grid_200_DailyWhImp\":0.0,\"load_200_DailyWhImp\":0.0,\"pv_200_DailyWhExp\":0.0}},\"timestamp\":\"2026-08-11T03:25:58Z\",\"version\":\"0.1\"}"},{"key":"1741sb_enabled","type":0,"value":"false"},{"key":"csip_enabled","type":0,"value":"false"},{"key":"commissioning_date","type":10,"value":""},{"key":"mpu_fw_updated","type":0,"value":"false"},{"key":"auth_token_failed_attempts","type":11,"value":"{\"count\":0,\"lastFailedAt\":null}"},{"key":"emmc_life_avg","type":1,"value":"10"},{"key":"Operation_Status","type":1,"value":"4"},{"key":"EnergyControl_Status","type":3,"value":"0"},{"key":"Engineer_Control_Mode","type":1,"value":"0"},{"key":"MPU_Operation_CMD","type":1,"value":"0"},{"key":"Power_Control_Point","type":3,"value":"0"},{"key":"System_Target_Power","type":6,"value":"0"},{"key":"Battery_Target_Power","type":6,"value":"0"},{"key":"PV_Power_Limit","type":6,"value":"0"}],"result":true,"table":"persistent_state"}}
  대상 키=firmware_update_state, 원래값=0, type=1
  update_records 응답: {"error_code":"NONE","payload":{"db":"edge_storage.db","records":[{"key":"firmware_update_state","type":1,"value":"tc03_1786418817"}],"result":true,"table":"persistent_state"}}
[PASS] TC03-1: update_records 응답 result=true
  재조회 응답: {"error_code":"NONE","payload":{"db":"edge_storage.db","records":[{"key":"firmware_update_state","type":1,"value":"tc03_1786418817"}],"result":true,"table":"persistent_state"}}
[PASS] TC03-2: 재조회 값이 변경값과 일치
  원복 재조회 응답: {"error_code":"NONE","payload":{"db":"edge_storage.db","records":[{"key":"firmware_update_state","type":1,"value":"0"}],"result":true,"table":"persistent_state"}}
[PASS] TC03-3: cleanup 원복 성공
=== TC04: System Setting 변경 정보 즉시 반영 (Log Level) ===
  select_records 응답: {"error_code":"NONE","payload":{"db":"edge_storage.db","records":[{"key":"log_level_db","type":1,"value":"0"}],"result":true,"table":"system_setting"}}
  ORIGINAL_LEVEL=0
  update_records 응답: {"error_code":"NONE","payload":{"db":"edge_storage.db","records":[],"result":true,"table":"system_setting"}}
[PASS] TC04-1: update_records 응답 result=true
  $ journalctl -u docker-loader --since 2026-08-11 12:27:00
    Aug 11 12:27:00 qcells-emsplus docker-loader[36569]: [12:27:00:325][D][DB] [DbManager] request select_records from tc_runner, tid: , timestamp:
    Aug 11 12:27:00 qcells-emsplus docker-loader[36569]: [12:27:00:897][D][DB] [DbManager] request update_records from tc_runner, tid: , timestamp:
    Aug 11 12:27:00 qcells-emsplus docker-loader[36569]: [12:27:00:898][D][DB] [RecordTable] update_records on system_setting: skipped same-value write for log_level_db
    Aug 11 12:27:00 qcells-emsplus docker-loader[36569]: [12:27:00:899][I][DB] Log level changed via update_records: 0
    exit_code:0
[PASS] TC04-2: 로그 레벨 변경 로그 출현
  [TC04-3] Debug 레벨 로그 관찰 (5초)...
[FAIL] TC04-3: Debug 레벨 로그 실제 출력 확인
  원복 재조회 응답: {"error_code":"NONE","payload":{"db":"edge_storage.db","records":[{"key":"log_level_db","type":1,"value":"0"}],"result":true,"table":"system_setting"}}
[PASS] TC04-4: cleanup 원복 성공
=== TC05: SKIP (개발자 검토 대기 — tc_db_manager.md 참고) ===
=== TC07: Persistent State 테이블 생성/조회 (select_all_records) ===
  응답: {"error_code":"NONE","payload":{"db":"edge_storage.db","records":[{"key":"firmware_update_state","type":1,"value":"0"},{"key":"cloud_connected_time","type":10,"value":""},{"key":"cloud_disconnected_time","type":10,"value":""},{"key":"MIScanResult","type":10,"value":"{\"mi_plc_addresses\":[]}"},{"key":"energy_monitor_accum_data","type":10,"value":"{\"devices\":[{\"assetId\":\"5920259c-e6ff-4d31-9f9b-5a5c663548dd\",\"dailyCumulativeValues\":{\"battery_701_DailyWhAbs\":0.0,\"battery_701_DailyWhInj\":0.0,\"battery_714_DailyDCWhAbs\":0.0,\"battery_714_DailyDCWhInj\":0.0,\"extpv_701_DailyWhAbs\":0.0,\"pv_701_DailyWhAbs\":0.0}},{\"assetId\":\"1c6c8562-955e-4bd1-bb4e-1656ca2317a5\",\"dailyCumulativeValues\":{\"pv_701_DailyWhAbs\":0.0}},{\"assetId\":\"ba49edcc-76fc-45d6-b68b-269eb3a4b41e\",\"dailyCumulativeValues\":{\"pv_701_DailyWhAbs\":0.0}}],\"site\":{\"assetId\":\"a2102559-45cb-4dc9-9b1a-495bb4571518\",\"dailyCumulativeValues\":{\"battery_200_DailyWhExp\":0.0,\"battery_200_DailyWhImp\":0.0,\"extpv_200_DailyWhExp\":0.0,\"grid_200_DailyWhExp\":0.0,\"grid_200_DailyWhImp\":0.0,\"load_200_DailyWhImp\":0.0,\"pv_200_DailyWhExp\":0.0}},\"timestamp\":\"2026-08-11T03:26:58Z\",\"version\":\"0.1\"}"},{"key":"1741sb_enabled","type":0,"value":"false"},{"key":"csip_enabled","type":0,"value":"false"},{"key":"commissioning_date","type":10,"value":""},{"key":"mpu_fw_updated","type":0,"value":"false"},{"key":"auth_token_failed_attempts","type":11,"value":"{\"count\":0,\"lastFailedAt\":null}"},{"key":"emmc_life_avg","type":1,"value":"10"},{"key":"Operation_Status","type":1,"value":"4"},{"key":"EnergyControl_Status","type":3,"value":"0"},{"key":"Engineer_Control_Mode","type":1,"value":"0"},{"key":"MPU_Operation_CMD","type":1,"value":"0"},{"key":"Power_Control_Point","type":3,"value":"0"},{"key":"System_Target_Power","type":6,"value":"0"},{"key":"Battery_Target_Power","type":6,"value":"0"},{"key":"PV_Power_Limit","type":6,"value":"0"}],"result":true,"table":"persistent_state"}}
[PASS] TC07-1: 응답 result=true
[PASS] TC07-2: table 필드 일치
[FAIL] TC07-3: 기본 시드 키 포함 (persistence_list_sync_flag)
=== TC08: System Setting 테이블 생성/조회 (select_all_records) ===
  응답: {"error_code":"NONE","payload":{"db":"edge_storage.db","records":[{"key":"est_server_url","type":10,"value":"https://est.portal.ezca.io/est/f67255a8-0525-4454-88a6-bf4216fffc68/64e7902e-131e-43f2-8234-fe9403c8c70b/westus"},{"key":"timezone","type":10,"value":"Asia/Seoul"},{"key":"log_level_er","type":1,"value":"1"},{"key":"log_level_db","type":1,"value":"0"},{"key":"log_level_sm","type":1,"value":"1"},{"key":"log_level_az","type":1,"value":"1"},{"key":"log_level_el","type":1,"value":"1"},{"key":"log_level_ta","type":1,"value":"1"},{"key":"log_level_et","type":1,"value":"1"},{"key":"log_level_um","type":1,"value":"1"},{"key":"log_level_sl","type":1,"value":"1"},{"key":"log_level_ed","type":1,"value":"1"},{"key":"log_level_dm","type":1,"value":"1"},{"key":"log_level_mcu","type":1,"value":"1"},{"key":"log_level_rt","type":1,"value":"1"},{"key":"log_level_wi","type":1,"value":"1"},{"key":"log_level_dl","type":1,"value":"1"},{"key":"log_level_sc","type":1,"value":"1"},{"key":"log_level_bc","type":1,"value":"1"},{"key":"log_level_di","type":1,"value":"1"},{"key":"log_level_gm","type":1,"value":"1"},{"key":"commissioning_progress","type":10,"value":""},{"key":"gen_maintenance_mode","type":1,"value":"0"},{"key":"hub_generator_low_soc","type":1,"value":"50"},{"key":"hub_generator_use_manual","type":1,"value":"0"},{"key":"hub_generator_user_auto","type":1,"value":"1"},{"key":"hub_generator_auto_operation","type":1,"value":"1"},{"key":"gen_maintenance_mode_duration","type":1,"value":"15"},{"key":"gen_to_ess_mode_start_soc","type":1,"value":"15"},{"key":"gen_to_ess_mode_stop_soc","type":1,"value":"85"},{"key":"msp_breaker_rating","type":4,"value":"0"},{"key":"der_breaker_rating","type":3,"value":"0"},{"key":"pv_breaker_rating","type":3,"value":"0"},{"key":"nem_integrity_mode","type":1,"value":"0"},{"key":"mi_monitoring_interval","type":3,"value":"900"},{"key":"dps_name","type":10,"value":""},{"key":"dps_id_scope","type":10,"value":""},{"key":"cellular_data_enabled","type":0,"value":"false"},{"key":"sep2_server_ip","type":10,"value":""},{"key":"sep2_server_port","type":10,"value":""},{"key":"sep2_server_url","type":10,"value":"/dcap"},{"key":"sep2_device_setting","type":0,"value":"false"},{"key":"ja12_compliance_enabled","type":0,"value":"false"},{"key":"ja12_compliance_capacity","type":5,"value":"5000"},{"key":"system_type","type":1,"value":"0"},{"key":"grid_setting_configured","type":1,"value":"0"},{"key":"work_mode_setting_configured","type":1,"value":"0"},{"key":"ESS_Voltage_Ref","type":3,"value":"0"},{"key":"simulation_mode","type":0,"value":"false"},{"key":"force_update_flag","type":0,"value":"false"},{"key":"log_level_vl","type":1,"value":"1"},{"key":"log_level_cb","type":1,"value":"1"},{"key":"ntp_enabled","type":0,"value":"true"},{"key":"pcs_setting_configured","type":1,"value":"0"},{"key":"validation_status_info","type":11,"value":"{}"},{"key":"Grid_Code_ess","type":5,"value":"840002"},{"key":"Grid_Code_mi","type":5,"value":"840002"},{"key":"mi_count","type":11,"value":"{}"},{"key":"pcs_count","type":11,"value":"{}"},{"key":"battery_count","type":11,"value":"{}"},{"key":"ja12_enabled_date","type":11,"value":"{}"},{"key":"warranty_date","type":10,"value":""},{"key":"storm_cover_flag","type":1,"value":"0"},{"key":"storm_cover_charge_type","type":1,"value":"0"},{"key":"Inverter_Max_output_Power","type":3,"value":"100"},{"key":"Grid_Target_Frequency","type":1,"value":"60"},{"key":"ESS2_Battery_number","type":1,"value":"0"},{"key":"ESS1_Battery_number","type":1,"value":"0"},{"key":"Battery_Backup_SOC","type":1,"value":"0"},{"key":"Battery_Hysteresis_Low","type":1,"value":"10"},{"key":"Battery_Hysteresis_High","type":1,"value":"90"},{"key":"Derating_Flag","type":1,"value":"1"},{"key":"Derating_Start_Temp","type":3,"value":"75.0"},{"key":"Derating_Value","type":3,"value":"5.0"},{"key":"Advanced_HUB_Installed","type":1,"value":"0"},{"key":"System_Commissioning_Status","type":1,"value":"0"},{"key":"PV_Type","type":1,"value":"0"},{"key":"ESS_Install_Num","type":1,"value":"0"},{"key":"HUB_Installed_Flag","type":1,"value":"0"},{"key":"MSP_Installed_Flag","type":1,"value":"0"},{"key":"MSC_Installed_Point","type":1,"value":"0"},{"key":"Ext_Relay_Box1_Installed","type":1,"value":"0"},{"key":"Ext_PV_Installed_Flag","type":1,"value":"0"},{"key":"Generator_User_Auto_Start_Enable","type":1,"value":"0"},{"key":"Generator_User_Manual_On_Command","type":1,"value":"0"},{"key":"GEN_Maintenance_Mode_Flag","type":1,"value":"0"},{"key":"GEN_Maintenance_Mode_Duration","type":1,"value":"20"},{"key":"GEN_Mode_Start_SOC","type":1,"value":"5"},{"key":"GEN_Mode_Release_SOC","type":1,"value":"85"},{"key":"GEN_Nameplate_Power","type":3,"value":"0"},{"key":"Ext_CT_Installed_Point","type":1,"value":"0"},{"key":"Ext_Dry_Contact","type":1,"value":"0"},{"key":"Busbar_Protection_Flag","type":1,"value":"0"},{"key":"MSP_Busbar_Rating","type":3,"value":"1000"},{"key":"MI_Nameplate_Power","type":5,"value":"0"},{"key":"DER_CB_Rating","type":3,"value":"1000"},{"key":"Mixed_Tariff","type":1,"value":"0"},{"key":"Sub_Panel_Installed_Flag","type":1,"value":"0"},{"key":"Power_Ctrl_Time","type":3,"value":"3000"},{"key":"Power_Ctrl_Limit_Min","type":3,"value":"20"},{"key":"PG_E_Mode_Disable","type":1,"value":"0"},{"key":"BBOC_Reconnection_Time","type":3,"value":"300"},{"key":"Config_3rd_Party_ESS","type":1,"value":"0"},{"key":"CT_Polarity","type":1,"value":"0"},{"key":"Ext_SRB_CH1_Installed","type":1,"value":"0"},{"key":"Ext_SRB_CH2_Installed","type":1,"value":"0"},{"key":"Sub_Panel_Busbar_Rating","type":3,"value":"1000"},{"key":"Ext_Relay_Box2_Installed","type":1,"value":"0"},{"key":"Ext_Relay_Box3_Installed","type":1,"value":"0"},{"key":"DER1_Device_Select","type":1,"value":"0"},{"key":"DER2_Device_Select","type":1,"value":"0"},{"key":"DER3_Device_Select","type":1,"value":"0"},{"key":"DER4_Device_Select","type":1,"value":"0"},{"key":"Backup_Load_Relay_Installed","type":1,"value":"0"},{"key":"Tau_Coefficient_ess","type":3,"value":"2.3"},{"key":"Grid_Target_Voltage_ess","type":3,"value":"240"},{"key":"Max_Apparent_Power_Limit_ess","type":3,"value":"100.0"},{"key":"Export_P_min_ess","type":4,"value":"5.0"},{"key":"Import_P_min_ess","type":4,"value":"-100.0"},{"key":"VarMax_Over_Excited_ess","type":4,"value":"60.0"},{"key":"VarMax_Under_Excited_ess","type":4,"value":"-60.0"},{"key":"PFMin_Over_Excited_ess","type":4,"value":"0.80"},{"key":"PFMin_Under_Excited_ess","type":4,"value":"-0.80"},{"key":"Charge_Rate_Setting_ess","type":3,"value":"100.0"},{"key":"Discharge_Rate_Setting_ess","type":3,"value":"100.0"},{"key":"Charge_Rate_VA_Setting_ess","type":3,"value":"100.0"},{"key":"Active_Power_Setting_ess","type":3,"value":"100.0"},{"key":"Active_Power_Over_Excited_Setting_ess","type":3,"value":"100.0"},{"key":"Active_Power_Under_Excited_Setting_ess","type":3,"value":"100.0"},{"key":"rtgVarMax_ess","type":3,"value":"0"},{"key":"SetVrt_ess","type":3,"value":"0"},{"key":"SetVMax_ess","type":3,"value":"0"},{"key":"SetVmin_ess","type":3,"value":"0"},{"key":"SetAMax_ess","type":3,"value":"0"},{"key":"Tau_Coefficient_mi","type":3,"value":"0.0"},{"key":"Grid_Target_Voltage_mi","type":3,"value":"240"},{"key":"Max_Apparent_Power_Limit_mi","type":3,"value":"100.0"},{"key":"Export_P_min_mi","type":4,"value":"0.0"},{"key":"Import_P_min_mi","type":4,"value":"0.0"},{"key":"VarMax_Over_Excited_mi","type":4,"value":"0.0"},{"key":"VarMax_Under_Excited_mi","type":4,"value":"0.0"},{"key":"PFMin_Over_Excited_mi","type":4,"value":"0.85"},{"key":"PFMin_Under_Excited_mi","type":4,"value":"-0.85"},{"key":"Charge_Rate_Setting_mi","type":3,"value":"0.0"},{"key":"Discharge_Rate_Setting_mi","type":3,"value":"0.0"},{"key":"Charge_Rate_VA_Setting_mi","type":3,"value":"0.0"},{"key":"Active_Power_Setting_mi","type":3,"value":"100.0"},{"key":"Active_Power_Over_Excited_Setting_mi","type":3,"value":"85.0"},{"key":"Active_Power_Under_Excited_Setting_mi","type":3,"value":"85.0"},{"key":"rtgVarMax_mi","type":3,"value":"100.0"},{"key":"SetVrt_mi","type":3,"value":"100.0"},{"key":"SetVMax_mi","type":3,"value":"120.0"},{"key":"SetVmin_mi","type":3,"value":"0.0"},{"key":"SetAMax_mi","type":3,"value":"100.0"},{"key":"HVRT_Flag_ess","type":1,"value":"1"},{"key":"Over_Voltage_Detection_Level1_ess","type":3,"value":"110.0"},{"key":"Over_Voltage_Detection_Time1_ess","type":3,"value":"13000"},{"key":"Over_Voltage_Detection_Level2_ess","type":3,"value":"120.0"},{"key":"Over_Voltage_Detection_Time2_ess","type":3,"value":"160"},{"key":"Over_Voltage_Detection_Level3_ess","type":3,"value":"120.0"},{"key":"Over_Voltage_Detection_Time3_ess","type":3,"value":"13000"},{"key":"Over_Voltage_Detection_Level4_ess","type":3,"value":"120.0"},{"key":"Over_Voltage_Detection_Time4_ess","type":3,"value":"13000"},{"key":"Over_Voltage_Detection_Level5_ess","type":3,"value":"120.0"},{"key":"Over_Voltage_Detection_Time5_ess","type":3,"value":"13000"},{"key":"HVRT_Flag_mi","type":1,"value":"1"},{"key":"Over_Voltage_Detection_Level1_mi","type":3,"value":"110.0"},{"key":"Over_Voltage_Detection_Time1_mi","type":3,"value":"13000"},{"key":"Over_Voltage_Detection_Level2_mi","type":3,"value":"120.0"},{"key":"Over_Voltage_Detection_Time2_mi","type":3,"value":"160"},{"key":"Over_Voltage_Detection_Level3_mi","type":3,"value":"120.0"},{"key":"Over_Voltage_Detection_Time3_mi","type":3,"value":"13000"},{"key":"Over_Voltage_Detection_Level4_mi","type":3,"value":"120.0"},{"key":"Over_Voltage_Detection_Time4_mi","type":3,"value":"13000"},{"key":"Over_Voltage_Detection_Level5_mi","type":3,"value":"120.0"},{"key":"Over_Voltage_Detection_Time5_mi","type":3,"value":"13000"},{"key":"LVRT_Flag_ess","type":1,"value":"1"},{"key":"Under_Voltage_Detection_Level1_ess","type":3,"value":"88.0"},{"key":"Under_Voltage_Detection_Time1_ess","type":3,"value":"21000"},{"key":"Under_Voltage_Detection_Level2_ess","type":3,"value":"50.0"},{"key":"Under_Voltage_Detection_Time2_ess","type":3,"value":"2000"},{"key":"Under_Voltage_Detection_Level3_ess","type":3,"value":"0"},{"key":"Under_Voltage_Detection_Time3_ess","type":3,"value":"50000"},{"key":"Under_Voltage_Detection_Level4_ess","type":3,"value":"0"},{"key":"Under_Voltage_Detection_Time4_ess","type":3,"value":"50000"},{"key":"Under_Voltage_Detection_Level5_ess","type":3,"value":"0"},{"key":"Under_Voltage_Detection_Time5_ess","type":3,"value":"50000"},{"key":"LVRT_Flag_mi","type":1,"value":"1"},{"key":"Under_Voltage_Detection_Level1_mi","type":3,"value":"88.0"},{"key":"Under_Voltage_Detection_Time1_mi","type":3,"value":"21000"},{"key":"Under_Voltage_Detection_Level2_mi","type":3,"value":"88.0"},{"key":"Under_Voltage_Detection_Time2_mi","type":3,"value":"21000"},{"key":"Under_Voltage_Detection_Level3_mi","type":3,"value":"50.0"},{"key":"Under_Voltage_Detection_Time3_mi","type":3,"value":"2000"},{"key":"Under_Voltage_Detection_Level4_mi","type":3,"value":"0"},{"key":"Under_Voltage_Detection_Time4_mi","type":3,"value":"50000"},{"key":"Under_Voltage_Detection_Level5_mi","type":3,"value":"0"},{"key":"Under_Voltage_Detection_Time5_mi","type":3,"value":"50000"},{"key":"HFRT_Flag_ess","type":1,"value":"1"},{"key":"Over_Frequency_Detection_Level1_ess","type":5,"value":"61.200"},{"key":"Over_Frequency_Detection_Time1_ess","type":5,"value":"300000"},{"key":"Over_Frequency_Detection_Level2_ess","type":5,"value":"62"},{"key":"Over_Frequency_Detection_Time2_ess","type":5,"value":"160"},{"key":"Over_Frequency_Detection_Level3_ess","type":5,"value":"66"},{"key":"Over_Frequency_Detection_Time3_ess","type":5,"value":"1000000"},{"key":"Over_Frequency_Detection_Level4_ess","type":5,"value":"66"},{"key":"Over_Frequency_Detection_Time4_ess","type":5,"value":"1000000"},{"key":"Over_Frequency_Detection_Level5_ess","type":5,"value":"66.000"},{"key":"Over_Frequency_Detection_Time5_ess","type":5,"value":"1000000"},{"key":"HFRT_Flag_mi","type":1,"value":"1"},{"key":"Over_Frequency_Detection_Level1_mi","type":5,"value":"61.200"},{"key":"Over_Frequency_Detection_Time1_mi","type":5,"value":"300000"},{"key":"Over_Frequency_Detection_Level2_mi","type":5,"value":"62.000"},{"key":"Over_Frequency_Detection_Time2_mi","type":5,"value":"160"},{"key":"Over_Frequency_Detection_Level3_mi","type":5,"value":"66"},{"key":"Over_Frequency_Detection_Time3_mi","type":5,"value":"1000000"},{"key":"Over_Frequency_Detection_Level4_mi","type":5,"value":"66"},{"key":"Over_Frequency_Detection_Time4_mi","type":5,"value":"1000000"},{"key":"Over_Frequency_Detection_Level5_mi","type":5,"value":"66.000"},{"key":"Over_Frequency_Detection_Time5_mi","type":5,"value":"1000000"},{"key":"LFRT_Flag_ess","type":1,"value":"1"},{"key":"Under_Frequency_Detection_Level1_ess","type":5,"value":"58.500"},{"key":"Under_Frequency_Detection_Time1_ess","type":5,"value":"300000"},{"key":"Under_Frequency_Detection_Level2_ess","type":5,"value":"56.5"},{"key":"Under_Frequency_Detection_Time2_ess","type":5,"value":"160"},{"key":"Under_Frequency_Detection_Level3_ess","type":5,"value":"50"},{"key":"Under_Frequency_Detection_Time3_ess","type":5,"value":"1000000"},{"key":"Under_Frequency_Detection_Level4_ess","type":5,"value":"50"},{"key":"Under_Frequency_Detection_Time4_ess","type":5,"value":"1000000"},{"key":"Under_Frequency_Detection_Level5_ess","type":5,"value":"50.000"},{"key":"Under_Frequency_Detection_Time5_ess","type":5,"value":"1000000"},{"key":"LFRT_Flag_mi","type":1,"value":"1"},{"key":"Under_Frequency_Detection_Level1_mi","type":5,"value":"58.500"},{"key":"Under_Frequency_Detection_Time1_mi","type":5,"value":"300000"},{"key":"Under_Frequency_Detection_Level2_mi","type":5,"value":"56.5"},{"key":"Under_Frequency_Detection_Time2_mi","type":5,"value":"160"},{"key":"Under_Frequency_Detection_Level3_mi","type":5,"value":"50"},{"key":"Under_Frequency_Detection_Time3_mi","type":5,"value":"1000000"},{"key":"Under_Frequency_Detection_Level4_mi","type":5,"value":"50"},{"key":"Under_Frequency_Detection_Time4_mi","type":5,"value":"1000000"},{"key":"Under_Frequency_Detection_Level5_mi","type":5,"value":"50.000"},{"key":"Under_Frequency_Detection_Time5_mi","type":5,"value":"1000000"},{"key":"Active_Power_Setpoint_Flag_ess","type":1,"value":"0"},{"key":"Active_Power_FreqWatt_Flag_ess","type":1,"value":"1"},{"key":"Active_Power_VoltWatt_Flag_ess","type":1,"value":"0"},{"key":"Active_Power_Set_Point_Value_ess","type":4,"value":"100.0"},{"key":"Active_Power_Set_Point_Gradient_ess","type":3,"value":"100.0"},{"key":"Active_power_freq_Droop_Kof_ess","type":3,"value":"0.050"},{"key":"Active_power_freq_Droop_Kuf_ess","type":3,"value":"0.050"},{"key":"Frequency_X1_ess","type":3,"value":"59.964"},{"key":"Frequency_X2_ess","type":3,"value":"60.036"},{"key":"Active_Power_frequency_Response_Time_ess","type":3,"value":"5000"},{"key":"VoltWatt_X1_ess","type":3,"value":"106.0"},{"key":"VoltWatt_Y1_ess","type":4,"value":"100.0"},{"key":"VoltWatt_X2_ess","type":3,"value":"110.0"},{"key":"VoltWatt_Y2_ess","type":4,"value":"0.0"},{"key":"Voltwatt_Response_Time_ess","type":5,"value":"10000"},{"key":"WattPmax_ess","type":3,"value":"0"},{"key":"WattPmin_ess","type":3,"value":"0"},{"key":"Active_Power_Setpoint_Flag_mi","type":1,"value":"0"},{"key":"Active_Power_FreqWatt_Flag_mi","type":1,"value":"1"},{"key":"Active_Power_VoltWatt_Flag_mi","type":1,"value":"0"},{"key":"Active_Power_Set_Point_Value_mi","type":4,"value":"100.0"},{"key":"Active_Power_Set_Point_Gradient_mi","type":3,"value":"0"},{"key":"Active_power_freq_Droop_Kof_mi","type":3,"value":"0.050"},{"key":"Active_power_freq_Droop_Kuf_mi","type":3,"value":"0.050"},{"key":"Frequency_X1_mi","type":3,"value":"59.964"},{"key":"Frequency_X2_mi","type":3,"value":"60.036"},{"key":"Active_Power_frequency_Response_Time_mi","type":3,"value":"5000"},{"key":"VoltWatt_X1_mi","type":3,"value":"106.0"},{"key":"VoltWatt_Y1_mi","type":4,"value":"100.0"},{"key":"VoltWatt_X2_mi","type":3,"value":"110.0"},{"key":"VoltWatt_Y2_mi","type":4,"value":"5.0"},{"key":"Voltwatt_Response_Time_mi","type":5,"value":"10000"},{"key":"WattPmax_mi","type":3,"value":"100.0"},{"key":"WattPmin_mi","type":3,"value":"5.0"},{"key":"Reactive_Power_CosPI_SetPoint_Flag_ess","type":1,"value":"1"},{"key":"Reactive_Power_Q_SetPoint_Flag_ess","type":1,"value":"0"},{"key":"Reactive_Power_VoltVar_Flag_ess","type":1,"value":"0"},{"key":"Reactive_Power_WattVar_Flag_ess","type":1,"value":"0"},{"key":"Reactive_Power_Dynamic_Reactive_Current_Flag_ess","type":1,"value":"0"},{"key":"Power_Factor_Excited_Flag_ess","type":1,"value":"1"},{"key":"ArGraMod_Flag_ess","type":1,"value":"1"},{"key":"Volt_var_Auto_Vref_Flag_ess","type":1,"value":"0"},{"key":"Cospi_Set_point_value_ess","type":3,"value":"1.00"},{"key":"Cospi_Set_point_Response_Time_ess","type":3,"value":"10000"},{"key":"Cospi_Set_point_Apparent_Power_Priority_ess","type":1,"value":"1"},{"key":"Qp_Reactive_Power_Mode_ess","type":1,"value":"3"},{"key":"Qp_Apparent_Power_Priority_ess","type":1,"value":"1"},{"key":"wattvar_X1_ess","type":4,"value":"20.0"},{"key":"wattvar_Y1_ess","type":4,"value":"0.0"},{"key":"wattvar_X2_ess","type":4,"value":"50.0"},{"key":"wattvar_Y2_ess","type":4,"value":"0.0"},{"key":"wattvar_X3_ess","type":4,"value":"100.0"},{"key":"wattvar_Y3_ess","type":4,"value":"-44.0"},{"key":"wattvar_X4_ess","type":4,"value":"20.0"},{"key":"wattvar_Y4_ess","type":4,"value":"0.0"},{"key":"wattvar_X5_ess","type":4,"value":"50.0"},{"key":"wattvar_Y5_ess","type":4,"value":"0.0"},{"key":"wattvar_X6_ess","type":4,"value":"100.0"},{"key":"wattvar_Y6_ess","type":4,"value":"44.0"},{"key":"Qp_Response_Time_ess","type":3,"value":"10000"},{"key":"Q_Setpoint_Reactive_Power_Mode_ess","type":1,"value":"3"},{"key":"Q_setpoint_Apparent_Power_Priority_ess","type":1,"value":"1"},{"key":"Q_Setpoint_Value_ess","type":4,"value":"44.0"},{"key":"Q_Setpoint_Response_Time_ess","type":3,"value":"10000"},{"key":"Reactive_Power_CosPI_SetPoint_Flag_mi","type":1,"value":"1"},{"key":"Reactive_Power_Q_SetPoint_Flag_mi","type":1,"value":"0"},{"key":"Reactive_Power_VoltVar_Flag_mi","type":1,"value":"0"},{"key":"Reactive_Power_WattVar_Flag_mi","type":1,"value":"0"},{"key":"Reactive_Power_Dynamic_Reactive_Current_Flag_mi","type":1,"value":"0"},{"key":"Power_Factor_Excited_Flag_mi","type":1,"value":"1"},{"key":"ArGraMod_Flag_mi","type":1,"value":"0"},{"key":"Volt_var_Auto_Vref_Flag_mi","type":1,"value":"0"},{"key":"Cospi_Set_point_value_mi","type":3,"value":"1.00"},{"key":"Cospi_Set_point_Response_Time_mi","type":3,"value":"10000"},{"key":"Cospi_Set_point_Apparent_Power_Priority_mi","type":1,"value":"1"},{"key":"Qp_Reactive_Power_Mode_mi","type":1,"value":"3"},{"key":"Qp_Apparent_Power_Priority_mi","type":1,"value":"1"},{"key":"wattvar_X1_mi","type":4,"value":"20.0"},{"key":"wattvar_Y1_mi","type":4,"value":"0.0"},{"key":"wattvar_X2_mi","type":4,"value":"50.0"},{"key":"wattvar_Y2_mi","type":4,"value":"0.0"},{"key":"wattvar_X3_mi","type":4,"value":"100.0"},{"key":"wattvar_Y3_mi","type":4,"value":"-44.0"},{"key":"wattvar_X4_mi","type":4,"value":"20.0"},{"key":"wattvar_Y4_mi","type":4,"value":"0.0"},{"key":"wattvar_X5_mi","type":4,"value":"50.0"},{"key":"wattvar_Y5_mi","type":4,"value":"0.0"},{"key":"wattvar_X6_mi","type":4,"value":"100.0"},{"key":"wattvar_Y6_mi","type":4,"value":"44.0"},{"key":"Qp_Response_Time_mi","type":3,"value":"10000"},{"key":"Q_Setpoint_Reactive_Power_Mode_mi","type":1,"value":"3"},{"key":"Q_setpoint_Apparent_Power_Priority_mi","type":1,"value":"1"},{"key":"Q_Setpoint_Value_mi","type":4,"value":"44.0"},{"key":"Q_Setpoint_Response_Time_mi","type":3,"value":"5000"},{"key":"Qu_Reactive_Power_Mode_ess","type":1,"value":"3"},{"key":"Qu_Apparent_Power_Priority_ess","type":1,"value":"1"},{"key":"Qu_Vref_ess","type":3,"value":"100.0"},{"key":"Reactive_Power_Auto_vref_avg_time_ess","type":3,"value":"300"},{"key":"voltvar_X1_ess","type":3,"value":"92.0"},{"key":"voltvar_Y1_ess","type":4,"value":"44.0"},{"key":"voltvar_X2_ess","type":3,"value":"98.0"},{"key":"voltvar_Y2_ess","type":4,"value":"0.0"},{"key":"voltvar_X3_ess","type":3,"value":"102.0"},{"key":"voltvar_Y3_ess","type":4,"value":"0.0"},{"key":"voltvar_X4_ess","type":3,"value":"108.0"},{"key":"voltvar_Y4_ess","type":4,"value":"-44.0"},{"key":"Qu_Response_Time_ess","type":5,"value":"5000"},{"key":"Reactive_Current_DbVMin_ess","type":4,"value":"-5.0"},{"key":"Reactive_Current_DbVMax_ess","type":3,"value":"5.0"},{"key":"ArGraSag_ess","type":3,"value":"1.0"},{"key":"ArGraSwell_ess","type":3,"value":"1.0"},{"key":"HoldTmms_ess","type":3,"value":"1000"},{"key":"FilterTms_ess","type":1,"value":"5"},{"key":"Volt_var_SA_Mode_Flag_ess","type":1,"value":"0"},{"key":"Qu_Reactive_Power_Mode_mi","type":1,"value":"3"},{"key":"Qu_Apparent_Power_Priority_mi","type":1,"value":"1"},{"key":"Qu_Vref_mi","type":3,"value":"100.0"},{"key":"Reactive_Power_Auto_vref_avg_time_mi","type":3,"value":"300"},{"key":"voltvar_X1_mi","type":3,"value":"92.0"},{"key":"voltvar_Y1_mi","type":4,"value":"44.0"},{"key":"voltvar_X2_mi","type":3,"value":"98.0"},{"key":"voltvar_Y2_mi","type":4,"value":"0.0"},{"key":"voltvar_X3_mi","type":3,"value":"102.0"},{"key":"voltvar_Y3_mi","type":4,"value":"0.0"},{"key":"voltvar_X4_mi","type":3,"value":"108.0"},{"key":"voltvar_Y4_mi","type":4,"value":"-44.0"},{"key":"Qu_Response_Time_mi","type":5,"value":"5000"},{"key":"Reactive_Current_DbVMin_mi","type":4,"value":"0"},{"key":"Reactive_Current_DbVMax_mi","type":3,"value":"0"},{"key":"ArGraSag_mi","type":3,"value":"0"},{"key":"ArGraSwell_mi","type":3,"value":"0"},{"key":"HoldTmms_mi","type":3,"value":"0"},{"key":"FilterTms_mi","type":1,"value":"0"},{"key":"Volt_var_SA_Mode_Flag_mi","type":1,"value":"0"},{"key":"Grid_Code_Range_ess","type":5,"value":"840002"},{"key":"DC_Injection_Detection_Flag_ess","type":1,"value":"1"},{"key":"DC_Injection_Control_Flag_ess","type":1,"value":"1"},{"key":"DC_Injection_Fault_Level1_ess","type":3,"value":"2"},{"key":"DC_Injection_Time_Level1_ess","type":3,"value":"1000"},{"key":"DC_Injection_Fault_Level2_ess","type":3,"value":"2"},{"key":"DC_Injection_Time_Level2_ess","type":3,"value":"500"},{"key":"DC_Injection_Control_Level_ess","type":3,"value":"2"},{"key":"Anti_Islanding_Active_Method_Detection_Flag_ess","type":1,"value":"1"},{"key":"Anti_Islanding_Freq_Feedback_Function_Flag_ess","type":1,"value":"1"},{"key":"Anti_Islanding_Gain1_ess","type":3,"value":"100"},{"key":"Anti_Islanding_Gain2_ess","type":3,"value":"100"},{"key":"Anti_Islanding_Freq_Feedback_ess","type":1,"value":"0.25"},{"key":"Anti_Islanding_Step_Injection_ess","type":1,"value":"0.10"},{"key":"Softstart_Gradient_Enable_Flag_ess","type":1,"value":"1"},{"key":"GradientUnit_Select_Flag_ess","type":1,"value":"0"},{"key":"Soft_Start_Gradient_ess","type":3,"value":"0.33"},{"key":"Permit_Service_Mode_Select_ess","type":1,"value":"1"},{"key":"Enter_Service_RANDOMIZED_DELAY_ess","type":1,"value":"0"},{"key":"Reconnection_Time_ess","type":3,"value":"300"},{"key":"Randomized_delay_Time_ess","type":3,"value":"300"},{"key":"Over_Voltage_Release_Level_ess","type":3,"value":"105.0"},{"key":"Over_Voltage_Release_Time_ess","type":3,"value":"200"},{"key":"Under_Voltage_Release_Level_ess","type":3,"value":"91.7"},{"key":"Under_Voltage_Release_Time_ess","type":3,"value":"200"},{"key":"Over_Frequency_Release_Level_ess","type":5,"value":"60.100"},{"key":"Over_Frequency_Release_Time_ess","type":3,"value":"200"},{"key":"Under_Frequency_Release_Level_ess","type":3,"value":"59.500"},{"key":"Under_Frequency_Release_Time_ess","type":3,"value":"200"},{"key":"IEEE2030_5_Curve_Type_ess","type":1,"value":"255"},{"key":"IEEE2030_5_Curve_Flag_ess","type":1,"value":"0"},{"key":"HVRT_Momentary_Level_ess","type":3,"value":"110.0"},{"key":"LVRT_Momentary_Level_ess","type":3,"value":"50.0"},{"key":"Grid_Code_Range_mi","type":5,"value":"840002"},{"key":"DC_Injection_Detection_Flag_mi","type":1,"value":"0"},{"key":"DC_Injection_Control_Flag_mi","type":1,"value":"0"},{"key":"DC_Injection_Fault_Level1_mi","type":3,"value":"0"},{"key":"DC_Injection_Time_Level1_mi","type":3,"value":"0"},{"key":"DC_Injection_Fault_Level2_mi","type":3,"value":"0"},{"key":"DC_Injection_Time_Level2_mi","type":3,"value":"0"},{"key":"DC_Injection_Control_Level_mi","type":3,"value":"0"},{"key":"Anti_Islanding_Active_Method_Detection_Flag_mi","type":1,"value":"0"},{"key":"Anti_Islanding_Freq_Feedback_Function_Flag_mi","type":1,"value":"0"},{"key":"Anti_Islanding_Gain1_mi","type":3,"value":"0"},{"key":"Anti_Islanding_Gain2_mi","type":3,"value":"0"},{"key":"Anti_Islanding_Freq_Feedback_mi","type":1,"value":"0"},{"key":"Anti_Islanding_Step_Injection_mi","type":1,"value":"0"},{"key":"Softstart_Gradient_Enable_Flag_mi","type":1,"value":"1"},{"key":"GradientUnit_Select_Flag_mi","type":1,"value":"0"},{"key":"Soft_Start_Gradient_mi","type":3,"value":"0.33"},{"key":"Permit_Service_Mode_Select_mi","type":1,"value":"1"},{"key":"Enter_Service_RANDOMIZED_DELAY_mi","type":1,"value":"0"},{"key":"Reconnection_Time_mi","type":3,"value":"300"},{"key":"Randomized_delay_Time_mi","type":3,"value":"300"},{"key":"Over_Voltage_Release_Level_mi","type":3,"value":"105.0"},{"key":"Over_Voltage_Release_Time_mi","type":3,"value":"0"},{"key":"Under_Voltage_Release_Level_mi","type":3,"value":"91.7"},{"key":"Under_Voltage_Release_Time_mi","type":3,"value":"0"},{"key":"Over_Frequency_Release_Level_mi","type":5,"value":"60.100"},{"key":"Over_Frequency_Release_Time_mi","type":3,"value":"0"},{"key":"Under_Frequency_Release_Level_mi","type":3,"value":"59.500"},{"key":"Under_Frequency_Release_Time_mi","type":3,"value":"0"},{"key":"IEEE2030_5_Curve_Type_mi","type":1,"value":"0"},{"key":"IEEE2030_5_Curve_Flag_mi","type":1,"value":"0"},{"key":"HVRT_Momentary_Level_mi","type":3,"value":"110.0"},{"key":"LVRT_Momentary_Level_mi","type":3,"value":"50.0"},{"key":"Flag_Dyn_Curr","type":1,"value":"0"},{"key":"Dyn_Curr_Db_VMax","type":3,"value":"5"},{"key":"Dyn_Curr_Db_VMin","type":3,"value":"5"},{"key":"Dyn_Curr_Ar_Gra_Sag_Ratio","type":3,"value":"10"},{"key":"Dyn_Curr_Ar_Gra_Swell_Ratio","type":3,"value":"10"},{"key":"Dyn_Curr_Filter_Tms","type":5,"value":"300000"},{"key":"Flag_Dyn_Curr_Ar_Gra_Mod","type":1,"value":"0"},{"key":"Flag_Dyn_Curr_Event_Base_Ena","type":1,"value":"0"},{"key":"Wiring_Set_Momory_Sector","type":1,"value":"0"},{"key":"Wiring_Set_AC_FREQ","type":1,"value":"0"},{"key":"Wiring_Set_Region","type":1,"value":"1"},{"key":"Wiring_Set_AC_Type","type":1,"value":"0"},{"key":"TOV_Ena","type":1,"value":"0"},{"key":"Energy_Policy","type":1,"value":"0"},{"key":"GFDI_Enable_Flag","type":1,"value":"0"},{"key":"GFDI_Margin","type":3,"value":"100"},{"key":"Int_Island_Cat","type":1,"value":"1"},{"key":"Measure_Harm_Limit","type":3,"value":"8000"},{"key":"Harm_Shift","type":1,"value":"5"},{"key":"Freq_Band","type":3,"value":"0.036"},{"key":"Normal_Ramp_Rate_Enable_Flag","type":1,"value":"0"},{"key":"Wramp","type":3,"value":"100.00"},{"key":"HV_Momcess_Flag","type":1,"value":"1"},{"key":"DER_Trip_HV_Crv_MomCess_Pt_V_1","type":3,"value":"110.0"},{"key":"LV_Momcess_Flag","type":1,"value":"1"},{"key":"DER_Trip_LV_Crv_MomCess_Pt_V_1","type":3,"value":"50.0"},{"key":"HVRT_Curve_Num","type":1,"value":"5"},{"key":"Over_Voltage_Detection_Level6","type":3,"value":"110.0"},{"key":"Over_Voltage_Detection_Time6","type":3,"value":"13000"},{"key":"Over_Voltage_Detection_Level7","type":3,"value":"110.0"},{"key":"Over_Voltage_Detection_Time7","type":3,"value":"13000"},{"key":"Over_Voltage_Detection_Level8","type":3,"value":"110.0"},{"key":"Over_Voltage_Detection_Time8","type":3,"value":"13000"},{"key":"Over_Voltage_Detection_Level9","type":3,"value":"110.0"},{"key":"Over_Voltage_Detection_Time9","type":3,"value":"13000"},{"key":"Over_Voltage_Detection_Level10","type":3,"value":"110.0"},{"key":"Over_Voltage_Detection_Time10","type":3,"value":"13000"},{"key":"LVRT_Curve_Num","type":1,"value":"5"},{"key":"Under_Voltage_Detection_Level6","type":3,"value":"88.0"},{"key":"Under_Voltage_Detection_Time6","type":3,"value":"50000"},{"key":"Under_Voltage_Detection_Level7","type":3,"value":"88.0"},{"key":"Under_Voltage_Detection_Time7","type":3,"value":"50000"},{"key":"Under_Voltage_Detection_Level8","type":3,"value":"88.0"},{"key":"Under_Voltage_Detection_Time8","type":3,"value":"50000"},{"key":"Under_Voltage_Detection_Level9","type":3,"value":"88.0"},{"key":"Under_Voltage_Detection_Time9","type":3,"value":"50000"},{"key":"Under_Voltage_Detection_Level10","type":3,"value":"88.0"},{"key":"Under_Voltage_Detection_Time10","type":3,"value":"50000"},{"key":"HFRT_Curve_Num","type":1,"value":"5"},{"key":"Over_Frequency_Detection_Level6","type":5,"value":"61.200"},{"key":"Over_Frequency_Detection_Time6","type":5,"value":"1000000"},{"key":"Over_Frequency_Detection_Level7","type":5,"value":"61.200"},{"key":"Over_Frequency_Detection_Time7","type":5,"value":"1000000"},{"key":"Over_Frequency_Detection_Level8","type":5,"value":"61.200"},{"key":"Over_Frequency_Detection_Time8","type":5,"value":"1000000"},{"key":"Over_Frequency_Detection_Level9","type":5,"value":"61.200"},{"key":"Over_Frequency_Detection_Time9","type":5,"value":"1000000"},{"key":"Over_Frequency_Detection_Level10","type":5,"value":"61.200"},{"key":"Over_Frequency_Detection_Time10","type":5,"value":"1000000"},{"key":"LFRT_Curve_Num","type":1,"value":"5"},{"key":"Under_Frequency_Detection_Level6","type":5,"value":"58.500"},{"key":"Under_Frequency_Detection_Time6","type":5,"value":"1000000"},{"key":"Under_Frequency_Detection_Level7","type":5,"value":"58.500"},{"key":"Under_Frequency_Detection_Time7","type":5,"value":"1000000"},{"key":"Under_Frequency_Detection_Level8","type":5,"value":"58.500"},{"key":"Under_Frequency_Detection_Time8","type":5,"value":"1000000"},{"key":"Under_Frequency_Detection_Level9","type":5,"value":"58.500"},{"key":"Under_Frequency_Detection_Time9","type":5,"value":"1000000"},{"key":"Under_Frequency_Detection_Level10","type":5,"value":"58.500"},{"key":"Under_Frequency_Detection_Time10","type":5,"value":"1000000"},{"key":"VoltWatt_Curve_Num","type":1,"value":"4"},{"key":"VoltWatt_X3","type":3,"value":"110.0"},{"key":"VoltWatt_Y3","type":4,"value":"0.0"},{"key":"VoltWatt_X4","type":3,"value":"110.0"},{"key":"VoltWatt_Y4","type":4,"value":"0.0"},{"key":"VoltWatt_X5","type":3,"value":"110.0"},{"key":"VoltWatt_Y5","type":4,"value":"0.0"},{"key":"VoltWatt_X6","type":3,"value":"110.0"},{"key":"VoltWatt_Y6","type":4,"value":"0.0"},{"key":"VoltWatt_X7","type":3,"value":"110.0"},{"key":"VoltWatt_Y7","type":4,"value":"0.0"},{"key":"VoltWatt_X8","type":3,"value":"110.0"},{"key":"VoltWatt_Y8","type":4,"value":"0.0"},{"key":"VoltWatt_X9","type":3,"value":"110.0"},{"key":"VoltWatt_Y9","type":4,"value":"0.0"},{"key":"VoltWatt_X10","type":3,"value":"110.0"},{"key":"VoltWatt_Y10","type":4,"value":"0.0"},{"key":"Qp_Curve_Num","type":1,"value":"6"},{"key":"wattvar_X7","type":4,"value":"100.0"},{"key":"wattvar_Y7","type":4,"value":"44.0"},{"key":"wattvar_X8","type":4,"value":"100.0"},{"key":"wattvar_Y8","type":4,"value":"44.0"},{"key":"wattvar_X9","type":4,"value":"100.0"},{"key":"wattvar_Y9","type":4,"value":"44.0"},{"key":"wattvar_X10","type":4,"value":"100.0"},{"key":"wattvar_Y10","type":4,"value":"44.0"},{"key":"VoltVar_Qu_Curve_Num","type":1,"value":"4"},{"key":"voltvar_X5","type":3,"value":"108.0"},{"key":"voltvar_Y5","type":4,"value":"-44.0"},{"key":"voltvar_X6","type":3,"value":"108.0"},{"key":"voltvar_Y6","type":4,"value":"-44.0"},{"key":"voltvar_X7","type":3,"value":"108.0"},{"key":"voltvar_Y7","type":4,"value":"-44.0"},{"key":"voltvar_X8","type":3,"value":"108.0"},{"key":"voltvar_Y8","type":4,"value":"-44.0"},{"key":"voltvar_X9","type":3,"value":"108.0"},{"key":"voltvar_Y9","type":4,"value":"-44.0"},{"key":"voltvar_X10","type":3,"value":"108.0"},{"key":"voltvar_Y10","type":4,"value":"-44.0"},{"key":"EMS_Energy_Policy","type":1,"value":"0"},{"key":"Feeder_Ex_P_Limit","type":6,"value":"0"},{"key":"Feeder_Im_P_Limit","type":6,"value":"0"},{"key":"Grid_Ex_P_Limit","type":6,"value":"96000"},{"key":"Grid_Im_P_Limit","type":6,"value":"-96000"},{"key":"Tot_ESS_to_Grid_Ex_P_Limit","type":6,"value":"23000"},{"key":"Tot_ESS_to_Grid_Im_P_Limit","type":6,"value":"-23000"},{"key":"Tot_ESS_Ex_P_Limit","type":6,"value":"23000"},{"key":"Tot_ESS_Im_P_Limit","type":6,"value":"-23000"},{"key":"Battery1_Charge_Limit","type":4,"value":"-8000"},{"key":"Battery2_Charge_Limit","type":4,"value":"-8000"},{"key":"Battery3_Charge_Limit","type":4,"value":"-8000"},{"key":"Battery4_Charge_Limit","type":4,"value":"-8000"},{"key":"Battery1_Discharge_Limit","type":3,"value":"11960"},{"key":"Battery2_Discharge_Limit","type":3,"value":"11960"},{"key":"Battery3_Discharge_Limit","type":3,"value":"11960"},{"key":"Battery4_Discharge_Limit","type":3,"value":"11960"},{"key":"Battery_Installation_Status","type":1,"value":"0"},{"key":"energy_tou_schedules","type":11,"value":"[]"},{"key":"energy_vpp_schedules","type":11,"value":"[]"},{"key":"energy_storm_cover_schedules","type":11,"value":"[]"},{"key":"ESS_Operating_Mode","type":1,"value":"0"},{"key":"default_tou_operation","type":1,"value":"5"},{"key":"Feed_In_Limit_Flag","type":1,"value":"0"},{"key":"Pre_PTO_Mode","type":1,"value":"0"},{"key":"Grid_Load_Backup_Priority_Mode","type":1,"value":"0"},{"key":"ESS_Charge_Current_Limit","type":4,"value":"-48"},{"key":"ESS_Discharge_Current_Limit","type":4,"value":"48"},{"key":"log_level_api","type":1,"value":"1"}],"result":true,"table":"system_setting"}}
[PASS] TC08-1: 응답 result=true
[PASS] TC08-2: table 필드 일치
[PASS] TC08-3: timezone 키 포함, type=10
=== TC09: DB 파일 생성/저장 위치 확인 ===
  $ ls -la /edge/db/edge_storage.db
    -rw-r--r-- 1 root root 1171456 Aug 11 09:19 /edge/db/edge_storage.db
    exit_code:0
[PASS] TC09-1: 일반 DB 파일 존재
  $ ls -la /edge/sp/db/edge_storage.db
    -rw-r--r-- 1 root root 28672 Aug  7 15:27 /edge/sp/db/edge_storage.db
    exit_code:0
[PASS] TC09-2: Secure DB 파일 존재
  $ head -c 16 /edge/db/edge_storage.db
    SQLite format 3     exit_code:0
[PASS] TC09-3: SQLite 포맷 확인
  select_all_records(system_setting) 응답: {"error_code":"NONE","payload":{"db":"edge_storage.db","records":[{"key":"est_server_url","type":10,"value":"https://est.portal.ezca.io/est/f67255a8-0525-4454-88a6-bf4216fffc68/64e7902e-131e-43f2-8234-fe9403c8c70b/westus"},{"key":"timezone","type":10,"value":"Asia/Seoul"},{"key":"log_level_er","type":1,"value":"1"},{"key":"log_level_db","type":1,"value":"0"},{"key":"log_level_sm","type":1,"value":"1"},{"key":"log_level_az","type":1,"value":"1"},{"key":"log_level_el","type":1,"value":"1"},{"key":"log_level_ta","type":1,"value":"1"},{"key":"log_level_et","type":1,"value":"1"},{"key":"log_level_um","type":1,"value":"1"},{"key":"log_level_sl","type":1,"value":"1"},{"key":"log_level_ed","type":1,"value":"1"},{"key":"log_level_dm","type":1,"value":"1"},{"key":"log_level_mcu","type":1,"value":"1"},{"key":"log_level_rt","type":1,"value":"1"},{"key":"log_level_wi","type":1,"value":"1"},{"key":"log_level_dl","type":1,"value":"1"},{"key":"log_level_sc","type":1,"value":"1"},{"key":"log_level_bc","type":1,"value":"1"},{"key":"log_level_di","type":1,"value":"1"},{"key":"log_level_gm","type":1,"value":"1"},{"key":"commissioning_progress","type":10,"value":""},{"key":"gen_maintenance_mode","type":1,"value":"0"},{"key":"hub_generator_low_soc","type":1,"value":"50"},{"key":"hub_generator_use_manual","type":1,"value":"0"},{"key":"hub_generator_user_auto","type":1,"value":"1"},{"key":"hub_generator_auto_operation","type":1,"value":"1"},{"key":"gen_maintenance_mode_duration","type":1,"value":"15"},{"key":"gen_to_ess_mode_start_soc","type":1,"value":"15"},{"key":"gen_to_ess_mode_stop_soc","type":1,"value":"85"},{"key":"msp_breaker_rating","type":4,"value":"0"},{"key":"der_breaker_rating","type":3,"value":"0"},{"key":"pv_breaker_rating","type":3,"value":"0"},{"key":"nem_integrity_mode","type":1,"value":"0"},{"key":"mi_monitoring_interval","type":3,"value":"900"},{"key":"dps_name","type":10,"value":""},{"key":"dps_id_scope","type":10,"value":""},{"key":"cellular_data_enabled","type":0,"value":"false"},{"key":"sep2_server_ip","type":10,"value":""},{"key":"sep2_server_port","type":10,"value":""},{"key":"sep2_server_url","type":10,"value":"/dcap"},{"key":"sep2_device_setting","type":0,"value":"false"},{"key":"ja12_compliance_enabled","type":0,"value":"false"},{"key":"ja12_compliance_capacity","type":5,"value":"5000"},{"key":"system_type","type":1,"value":"0"},{"key":"grid_setting_configured","type":1,"value":"0"},{"key":"work_mode_setting_configured","type":1,"value":"0"},{"key":"ESS_Voltage_Ref","type":3,"value":"0"},{"key":"simulation_mode","type":0,"value":"false"},{"key":"force_update_flag","type":0,"value":"false"},{"key":"log_level_vl","type":1,"value":"1"},{"key":"log_level_cb","type":1,"value":"1"},{"key":"ntp_enabled","type":0,"value":"true"},{"key":"pcs_setting_configured","type":1,"value":"0"},{"key":"validation_status_info","type":11,"value":"{}"},{"key":"Grid_Code_ess","type":5,"value":"840002"},{"key":"Grid_Code_mi","type":5,"value":"840002"},{"key":"mi_count","type":11,"value":"{}"},{"key":"pcs_count","type":11,"value":"{}"},{"key":"battery_count","type":11,"value":"{}"},{"key":"ja12_enabled_date","type":11,"value":"{}"},{"key":"warranty_date","type":10,"value":""},{"key":"storm_cover_flag","type":1,"value":"0"},{"key":"storm_cover_charge_type","type":1,"value":"0"},{"key":"Inverter_Max_output_Power","type":3,"value":"100"},{"key":"Grid_Target_Frequency","type":1,"value":"60"},{"key":"ESS2_Battery_number","type":1,"value":"0"},{"key":"ESS1_Battery_number","type":1,"value":"0"},{"key":"Battery_Backup_SOC","type":1,"value":"0"},{"key":"Battery_Hysteresis_Low","type":1,"value":"10"},{"key":"Battery_Hysteresis_High","type":1,"value":"90"},{"key":"Derating_Flag","type":1,"value":"1"},{"key":"Derating_Start_Temp","type":3,"value":"75.0"},{"key":"Derating_Value","type":3,"value":"5.0"},{"key":"Advanced_HUB_Installed","type":1,"value":"0"},{"key":"System_Commissioning_Status","type":1,"value":"0"},{"key":"PV_Type","type":1,"value":"0"},{"key":"ESS_Install_Num","type":1,"value":"0"},{"key":"HUB_Installed_Flag","type":1,"value":"0"},{"key":"MSP_Installed_Flag","type":1,"value":"0"},{"key":"MSC_Installed_Point","type":1,"value":"0"},{"key":"Ext_Relay_Box1_Installed","type":1,"value":"0"},{"key":"Ext_PV_Installed_Flag","type":1,"value":"0"},{"key":"Generator_User_Auto_Start_Enable","type":1,"value":"0"},{"key":"Generator_User_Manual_On_Command","type":1,"value":"0"},{"key":"GEN_Maintenance_Mode_Flag","type":1,"value":"0"},{"key":"GEN_Maintenance_Mode_Duration","type":1,"value":"20"},{"key":"GEN_Mode_Start_SOC","type":1,"value":"5"},{"key":"GEN_Mode_Release_SOC","type":1,"value":"85"},{"key":"GEN_Nameplate_Power","type":3,"value":"0"},{"key":"Ext_CT_Installed_Point","type":1,"value":"0"},{"key":"Ext_Dry_Contact","type":1,"value":"0"},{"key":"Busbar_Protection_Flag","type":1,"value":"0"},{"key":"MSP_Busbar_Rating","type":3,"value":"1000"},{"key":"MI_Nameplate_Power","type":5,"value":"0"},{"key":"DER_CB_Rating","type":3,"value":"1000"},{"key":"Mixed_Tariff","type":1,"value":"0"},{"key":"Sub_Panel_Installed_Flag","type":1,"value":"0"},{"key":"Power_Ctrl_Time","type":3,"value":"3000"},{"key":"Power_Ctrl_Limit_Min","type":3,"value":"20"},{"key":"PG_E_Mode_Disable","type":1,"value":"0"},{"key":"BBOC_Reconnection_Time","type":3,"value":"300"},{"key":"Config_3rd_Party_ESS","type":1,"value":"0"},{"key":"CT_Polarity","type":1,"value":"0"},{"key":"Ext_SRB_CH1_Installed","type":1,"value":"0"},{"key":"Ext_SRB_CH2_Installed","type":1,"value":"0"},{"key":"Sub_Panel_Busbar_Rating","type":3,"value":"1000"},{"key":"Ext_Relay_Box2_Installed","type":1,"value":"0"},{"key":"Ext_Relay_Box3_Installed","type":1,"value":"0"},{"key":"DER1_Device_Select","type":1,"value":"0"},{"key":"DER2_Device_Select","type":1,"value":"0"},{"key":"DER3_Device_Select","type":1,"value":"0"},{"key":"DER4_Device_Select","type":1,"value":"0"},{"key":"Backup_Load_Relay_Installed","type":1,"value":"0"},{"key":"Tau_Coefficient_ess","type":3,"value":"2.3"},{"key":"Grid_Target_Voltage_ess","type":3,"value":"240"},{"key":"Max_Apparent_Power_Limit_ess","type":3,"value":"100.0"},{"key":"Export_P_min_ess","type":4,"value":"5.0"},{"key":"Import_P_min_ess","type":4,"value":"-100.0"},{"key":"VarMax_Over_Excited_ess","type":4,"value":"60.0"},{"key":"VarMax_Under_Excited_ess","type":4,"value":"-60.0"},{"key":"PFMin_Over_Excited_ess","type":4,"value":"0.80"},{"key":"PFMin_Under_Excited_ess","type":4,"value":"-0.80"},{"key":"Charge_Rate_Setting_ess","type":3,"value":"100.0"},{"key":"Discharge_Rate_Setting_ess","type":3,"value":"100.0"},{"key":"Charge_Rate_VA_Setting_ess","type":3,"value":"100.0"},{"key":"Active_Power_Setting_ess","type":3,"value":"100.0"},{"key":"Active_Power_Over_Excited_Setting_ess","type":3,"value":"100.0"},{"key":"Active_Power_Under_Excited_Setting_ess","type":3,"value":"100.0"},{"key":"rtgVarMax_ess","type":3,"value":"0"},{"key":"SetVrt_ess","type":3,"value":"0"},{"key":"SetVMax_ess","type":3,"value":"0"},{"key":"SetVmin_ess","type":3,"value":"0"},{"key":"SetAMax_ess","type":3,"value":"0"},{"key":"Tau_Coefficient_mi","type":3,"value":"0.0"},{"key":"Grid_Target_Voltage_mi","type":3,"value":"240"},{"key":"Max_Apparent_Power_Limit_mi","type":3,"value":"100.0"},{"key":"Export_P_min_mi","type":4,"value":"0.0"},{"key":"Import_P_min_mi","type":4,"value":"0.0"},{"key":"VarMax_Over_Excited_mi","type":4,"value":"0.0"},{"key":"VarMax_Under_Excited_mi","type":4,"value":"0.0"},{"key":"PFMin_Over_Excited_mi","type":4,"value":"0.85"},{"key":"PFMin_Under_Excited_mi","type":4,"value":"-0.85"},{"key":"Charge_Rate_Setting_mi","type":3,"value":"0.0"},{"key":"Discharge_Rate_Setting_mi","type":3,"value":"0.0"},{"key":"Charge_Rate_VA_Setting_mi","type":3,"value":"0.0"},{"key":"Active_Power_Setting_mi","type":3,"value":"100.0"},{"key":"Active_Power_Over_Excited_Setting_mi","type":3,"value":"85.0"},{"key":"Active_Power_Under_Excited_Setting_mi","type":3,"value":"85.0"},{"key":"rtgVarMax_mi","type":3,"value":"100.0"},{"key":"SetVrt_mi","type":3,"value":"100.0"},{"key":"SetVMax_mi","type":3,"value":"120.0"},{"key":"SetVmin_mi","type":3,"value":"0.0"},{"key":"SetAMax_mi","type":3,"value":"100.0"},{"key":"HVRT_Flag_ess","type":1,"value":"1"},{"key":"Over_Voltage_Detection_Level1_ess","type":3,"value":"110.0"},{"key":"Over_Voltage_Detection_Time1_ess","type":3,"value":"13000"},{"key":"Over_Voltage_Detection_Level2_ess","type":3,"value":"120.0"},{"key":"Over_Voltage_Detection_Time2_ess","type":3,"value":"160"},{"key":"Over_Voltage_Detection_Level3_ess","type":3,"value":"120.0"},{"key":"Over_Voltage_Detection_Time3_ess","type":3,"value":"13000"},{"key":"Over_Voltage_Detection_Level4_ess","type":3,"value":"120.0"},{"key":"Over_Voltage_Detection_Time4_ess","type":3,"value":"13000"},{"key":"Over_Voltage_Detection_Level5_ess","type":3,"value":"120.0"},{"key":"Over_Voltage_Detection_Time5_ess","type":3,"value":"13000"},{"key":"HVRT_Flag_mi","type":1,"value":"1"},{"key":"Over_Voltage_Detection_Level1_mi","type":3,"value":"110.0"},{"key":"Over_Voltage_Detection_Time1_mi","type":3,"value":"13000"},{"key":"Over_Voltage_Detection_Level2_mi","type":3,"value":"120.0"},{"key":"Over_Voltage_Detection_Time2_mi","type":3,"value":"160"},{"key":"Over_Voltage_Detection_Level3_mi","type":3,"value":"120.0"},{"key":"Over_Voltage_Detection_Time3_mi","type":3,"value":"13000"},{"key":"Over_Voltage_Detection_Level4_mi","type":3,"value":"120.0"},{"key":"Over_Voltage_Detection_Time4_mi","type":3,"value":"13000"},{"key":"Over_Voltage_Detection_Level5_mi","type":3,"value":"120.0"},{"key":"Over_Voltage_Detection_Time5_mi","type":3,"value":"13000"},{"key":"LVRT_Flag_ess","type":1,"value":"1"},{"key":"Under_Voltage_Detection_Level1_ess","type":3,"value":"88.0"},{"key":"Under_Voltage_Detection_Time1_ess","type":3,"value":"21000"},{"key":"Under_Voltage_Detection_Level2_ess","type":3,"value":"50.0"},{"key":"Under_Voltage_Detection_Time2_ess","type":3,"value":"2000"},{"key":"Under_Voltage_Detection_Level3_ess","type":3,"value":"0"},{"key":"Under_Voltage_Detection_Time3_ess","type":3,"value":"50000"},{"key":"Under_Voltage_Detection_Level4_ess","type":3,"value":"0"},{"key":"Under_Voltage_Detection_Time4_ess","type":3,"value":"50000"},{"key":"Under_Voltage_Detection_Level5_ess","type":3,"value":"0"},{"key":"Under_Voltage_Detection_Time5_ess","type":3,"value":"50000"},{"key":"LVRT_Flag_mi","type":1,"value":"1"},{"key":"Under_Voltage_Detection_Level1_mi","type":3,"value":"88.0"},{"key":"Under_Voltage_Detection_Time1_mi","type":3,"value":"21000"},{"key":"Under_Voltage_Detection_Level2_mi","type":3,"value":"88.0"},{"key":"Under_Voltage_Detection_Time2_mi","type":3,"value":"21000"},{"key":"Under_Voltage_Detection_Level3_mi","type":3,"value":"50.0"},{"key":"Under_Voltage_Detection_Time3_mi","type":3,"value":"2000"},{"key":"Under_Voltage_Detection_Level4_mi","type":3,"value":"0"},{"key":"Under_Voltage_Detection_Time4_mi","type":3,"value":"50000"},{"key":"Under_Voltage_Detection_Level5_mi","type":3,"value":"0"},{"key":"Under_Voltage_Detection_Time5_mi","type":3,"value":"50000"},{"key":"HFRT_Flag_ess","type":1,"value":"1"},{"key":"Over_Frequency_Detection_Level1_ess","type":5,"value":"61.200"},{"key":"Over_Frequency_Detection_Time1_ess","type":5,"value":"300000"},{"key":"Over_Frequency_Detection_Level2_ess","type":5,"value":"62"},{"key":"Over_Frequency_Detection_Time2_ess","type":5,"value":"160"},{"key":"Over_Frequency_Detection_Level3_ess","type":5,"value":"66"},{"key":"Over_Frequency_Detection_Time3_ess","type":5,"value":"1000000"},{"key":"Over_Frequency_Detection_Level4_ess","type":5,"value":"66"},{"key":"Over_Frequency_Detection_Time4_ess","type":5,"value":"1000000"},{"key":"Over_Frequency_Detection_Level5_ess","type":5,"value":"66.000"},{"key":"Over_Frequency_Detection_Time5_ess","type":5,"value":"1000000"},{"key":"HFRT_Flag_mi","type":1,"value":"1"},{"key":"Over_Frequency_Detection_Level1_mi","type":5,"value":"61.200"},{"key":"Over_Frequency_Detection_Time1_mi","type":5,"value":"300000"},{"key":"Over_Frequency_Detection_Level2_mi","type":5,"value":"62.000"},{"key":"Over_Frequency_Detection_Time2_mi","type":5,"value":"160"},{"key":"Over_Frequency_Detection_Level3_mi","type":5,"value":"66"},{"key":"Over_Frequency_Detection_Time3_mi","type":5,"value":"1000000"},{"key":"Over_Frequency_Detection_Level4_mi","type":5,"value":"66"},{"key":"Over_Frequency_Detection_Time4_mi","type":5,"value":"1000000"},{"key":"Over_Frequency_Detection_Level5_mi","type":5,"value":"66.000"},{"key":"Over_Frequency_Detection_Time5_mi","type":5,"value":"1000000"},{"key":"LFRT_Flag_ess","type":1,"value":"1"},{"key":"Under_Frequency_Detection_Level1_ess","type":5,"value":"58.500"},{"key":"Under_Frequency_Detection_Time1_ess","type":5,"value":"300000"},{"key":"Under_Frequency_Detection_Level2_ess","type":5,"value":"56.5"},{"key":"Under_Frequency_Detection_Time2_ess","type":5,"value":"160"},{"key":"Under_Frequency_Detection_Level3_ess","type":5,"value":"50"},{"key":"Under_Frequency_Detection_Time3_ess","type":5,"value":"1000000"},{"key":"Under_Frequency_Detection_Level4_ess","type":5,"value":"50"},{"key":"Under_Frequency_Detection_Time4_ess","type":5,"value":"1000000"},{"key":"Under_Frequency_Detection_Level5_ess","type":5,"value":"50.000"},{"key":"Under_Frequency_Detection_Time5_ess","type":5,"value":"1000000"},{"key":"LFRT_Flag_mi","type":1,"value":"1"},{"key":"Under_Frequency_Detection_Level1_mi","type":5,"value":"58.500"},{"key":"Under_Frequency_Detection_Time1_mi","type":5,"value":"300000"},{"key":"Under_Frequency_Detection_Level2_mi","type":5,"value":"56.5"},{"key":"Under_Frequency_Detection_Time2_mi","type":5,"value":"160"},{"key":"Under_Frequency_Detection_Level3_mi","type":5,"value":"50"},{"key":"Under_Frequency_Detection_Time3_mi","type":5,"value":"1000000"},{"key":"Under_Frequency_Detection_Level4_mi","type":5,"value":"50"},{"key":"Under_Frequency_Detection_Time4_mi","type":5,"value":"1000000"},{"key":"Under_Frequency_Detection_Level5_mi","type":5,"value":"50.000"},{"key":"Under_Frequency_Detection_Time5_mi","type":5,"value":"1000000"},{"key":"Active_Power_Setpoint_Flag_ess","type":1,"value":"0"},{"key":"Active_Power_FreqWatt_Flag_ess","type":1,"value":"1"},{"key":"Active_Power_VoltWatt_Flag_ess","type":1,"value":"0"},{"key":"Active_Power_Set_Point_Value_ess","type":4,"value":"100.0"},{"key":"Active_Power_Set_Point_Gradient_ess","type":3,"value":"100.0"},{"key":"Active_power_freq_Droop_Kof_ess","type":3,"value":"0.050"},{"key":"Active_power_freq_Droop_Kuf_ess","type":3,"value":"0.050"},{"key":"Frequency_X1_ess","type":3,"value":"59.964"},{"key":"Frequency_X2_ess","type":3,"value":"60.036"},{"key":"Active_Power_frequency_Response_Time_ess","type":3,"value":"5000"},{"key":"VoltWatt_X1_ess","type":3,"value":"106.0"},{"key":"VoltWatt_Y1_ess","type":4,"value":"100.0"},{"key":"VoltWatt_X2_ess","type":3,"value":"110.0"},{"key":"VoltWatt_Y2_ess","type":4,"value":"0.0"},{"key":"Voltwatt_Response_Time_ess","type":5,"value":"10000"},{"key":"WattPmax_ess","type":3,"value":"0"},{"key":"WattPmin_ess","type":3,"value":"0"},{"key":"Active_Power_Setpoint_Flag_mi","type":1,"value":"0"},{"key":"Active_Power_FreqWatt_Flag_mi","type":1,"value":"1"},{"key":"Active_Power_VoltWatt_Flag_mi","type":1,"value":"0"},{"key":"Active_Power_Set_Point_Value_mi","type":4,"value":"100.0"},{"key":"Active_Power_Set_Point_Gradient_mi","type":3,"value":"0"},{"key":"Active_power_freq_Droop_Kof_mi","type":3,"value":"0.050"},{"key":"Active_power_freq_Droop_Kuf_mi","type":3,"value":"0.050"},{"key":"Frequency_X1_mi","type":3,"value":"59.964"},{"key":"Frequency_X2_mi","type":3,"value":"60.036"},{"key":"Active_Power_frequency_Response_Time_mi","type":3,"value":"5000"},{"key":"VoltWatt_X1_mi","type":3,"value":"106.0"},{"key":"VoltWatt_Y1_mi","type":4,"value":"100.0"},{"key":"VoltWatt_X2_mi","type":3,"value":"110.0"},{"key":"VoltWatt_Y2_mi","type":4,"value":"5.0"},{"key":"Voltwatt_Response_Time_mi","type":5,"value":"10000"},{"key":"WattPmax_mi","type":3,"value":"100.0"},{"key":"WattPmin_mi","type":3,"value":"5.0"},{"key":"Reactive_Power_CosPI_SetPoint_Flag_ess","type":1,"value":"1"},{"key":"Reactive_Power_Q_SetPoint_Flag_ess","type":1,"value":"0"},{"key":"Reactive_Power_VoltVar_Flag_ess","type":1,"value":"0"},{"key":"Reactive_Power_WattVar_Flag_ess","type":1,"value":"0"},{"key":"Reactive_Power_Dynamic_Reactive_Current_Flag_ess","type":1,"value":"0"},{"key":"Power_Factor_Excited_Flag_ess","type":1,"value":"1"},{"key":"ArGraMod_Flag_ess","type":1,"value":"1"},{"key":"Volt_var_Auto_Vref_Flag_ess","type":1,"value":"0"},{"key":"Cospi_Set_point_value_ess","type":3,"value":"1.00"},{"key":"Cospi_Set_point_Response_Time_ess","type":3,"value":"10000"},{"key":"Cospi_Set_point_Apparent_Power_Priority_ess","type":1,"value":"1"},{"key":"Qp_Reactive_Power_Mode_ess","type":1,"value":"3"},{"key":"Qp_Apparent_Power_Priority_ess","type":1,"value":"1"},{"key":"wattvar_X1_ess","type":4,"value":"20.0"},{"key":"wattvar_Y1_ess","type":4,"value":"0.0"},{"key":"wattvar_X2_ess","type":4,"value":"50.0"},{"key":"wattvar_Y2_ess","type":4,"value":"0.0"},{"key":"wattvar_X3_ess","type":4,"value":"100.0"},{"key":"wattvar_Y3_ess","type":4,"value":"-44.0"},{"key":"wattvar_X4_ess","type":4,"value":"20.0"},{"key":"wattvar_Y4_ess","type":4,"value":"0.0"},{"key":"wattvar_X5_ess","type":4,"value":"50.0"},{"key":"wattvar_Y5_ess","type":4,"value":"0.0"},{"key":"wattvar_X6_ess","type":4,"value":"100.0"},{"key":"wattvar_Y6_ess","type":4,"value":"44.0"},{"key":"Qp_Response_Time_ess","type":3,"value":"10000"},{"key":"Q_Setpoint_Reactive_Power_Mode_ess","type":1,"value":"3"},{"key":"Q_setpoint_Apparent_Power_Priority_ess","type":1,"value":"1"},{"key":"Q_Setpoint_Value_ess","type":4,"value":"44.0"},{"key":"Q_Setpoint_Response_Time_ess","type":3,"value":"10000"},{"key":"Reactive_Power_CosPI_SetPoint_Flag_mi","type":1,"value":"1"},{"key":"Reactive_Power_Q_SetPoint_Flag_mi","type":1,"value":"0"},{"key":"Reactive_Power_VoltVar_Flag_mi","type":1,"value":"0"},{"key":"Reactive_Power_WattVar_Flag_mi","type":1,"value":"0"},{"key":"Reactive_Power_Dynamic_Reactive_Current_Flag_mi","type":1,"value":"0"},{"key":"Power_Factor_Excited_Flag_mi","type":1,"value":"1"},{"key":"ArGraMod_Flag_mi","type":1,"value":"0"},{"key":"Volt_var_Auto_Vref_Flag_mi","type":1,"value":"0"},{"key":"Cospi_Set_point_value_mi","type":3,"value":"1.00"},{"key":"Cospi_Set_point_Response_Time_mi","type":3,"value":"10000"},{"key":"Cospi_Set_point_Apparent_Power_Priority_mi","type":1,"value":"1"},{"key":"Qp_Reactive_Power_Mode_mi","type":1,"value":"3"},{"key":"Qp_Apparent_Power_Priority_mi","type":1,"value":"1"},{"key":"wattvar_X1_mi","type":4,"value":"20.0"},{"key":"wattvar_Y1_mi","type":4,"value":"0.0"},{"key":"wattvar_X2_mi","type":4,"value":"50.0"},{"key":"wattvar_Y2_mi","type":4,"value":"0.0"},{"key":"wattvar_X3_mi","type":4,"value":"100.0"},{"key":"wattvar_Y3_mi","type":4,"value":"-44.0"},{"key":"wattvar_X4_mi","type":4,"value":"20.0"},{"key":"wattvar_Y4_mi","type":4,"value":"0.0"},{"key":"wattvar_X5_mi","type":4,"value":"50.0"},{"key":"wattvar_Y5_mi","type":4,"value":"0.0"},{"key":"wattvar_X6_mi","type":4,"value":"100.0"},{"key":"wattvar_Y6_mi","type":4,"value":"44.0"},{"key":"Qp_Response_Time_mi","type":3,"value":"10000"},{"key":"Q_Setpoint_Reactive_Power_Mode_mi","type":1,"value":"3"},{"key":"Q_setpoint_Apparent_Power_Priority_mi","type":1,"value":"1"},{"key":"Q_Setpoint_Value_mi","type":4,"value":"44.0"},{"key":"Q_Setpoint_Response_Time_mi","type":3,"value":"5000"},{"key":"Qu_Reactive_Power_Mode_ess","type":1,"value":"3"},{"key":"Qu_Apparent_Power_Priority_ess","type":1,"value":"1"},{"key":"Qu_Vref_ess","type":3,"value":"100.0"},{"key":"Reactive_Power_Auto_vref_avg_time_ess","type":3,"value":"300"},{"key":"voltvar_X1_ess","type":3,"value":"92.0"},{"key":"voltvar_Y1_ess","type":4,"value":"44.0"},{"key":"voltvar_X2_ess","type":3,"value":"98.0"},{"key":"voltvar_Y2_ess","type":4,"value":"0.0"},{"key":"voltvar_X3_ess","type":3,"value":"102.0"},{"key":"voltvar_Y3_ess","type":4,"value":"0.0"},{"key":"voltvar_X4_ess","type":3,"value":"108.0"},{"key":"voltvar_Y4_ess","type":4,"value":"-44.0"},{"key":"Qu_Response_Time_ess","type":5,"value":"5000"},{"key":"Reactive_Current_DbVMin_ess","type":4,"value":"-5.0"},{"key":"Reactive_Current_DbVMax_ess","type":3,"value":"5.0"},{"key":"ArGraSag_ess","type":3,"value":"1.0"},{"key":"ArGraSwell_ess","type":3,"value":"1.0"},{"key":"HoldTmms_ess","type":3,"value":"1000"},{"key":"FilterTms_ess","type":1,"value":"5"},{"key":"Volt_var_SA_Mode_Flag_ess","type":1,"value":"0"},{"key":"Qu_Reactive_Power_Mode_mi","type":1,"value":"3"},{"key":"Qu_Apparent_Power_Priority_mi","type":1,"value":"1"},{"key":"Qu_Vref_mi","type":3,"value":"100.0"},{"key":"Reactive_Power_Auto_vref_avg_time_mi","type":3,"value":"300"},{"key":"voltvar_X1_mi","type":3,"value":"92.0"},{"key":"voltvar_Y1_mi","type":4,"value":"44.0"},{"key":"voltvar_X2_mi","type":3,"value":"98.0"},{"key":"voltvar_Y2_mi","type":4,"value":"0.0"},{"key":"voltvar_X3_mi","type":3,"value":"102.0"},{"key":"voltvar_Y3_mi","type":4,"value":"0.0"},{"key":"voltvar_X4_mi","type":3,"value":"108.0"},{"key":"voltvar_Y4_mi","type":4,"value":"-44.0"},{"key":"Qu_Response_Time_mi","type":5,"value":"5000"},{"key":"Reactive_Current_DbVMin_mi","type":4,"value":"0"},{"key":"Reactive_Current_DbVMax_mi","type":3,"value":"0"},{"key":"ArGraSag_mi","type":3,"value":"0"},{"key":"ArGraSwell_mi","type":3,"value":"0"},{"key":"HoldTmms_mi","type":3,"value":"0"},{"key":"FilterTms_mi","type":1,"value":"0"},{"key":"Volt_var_SA_Mode_Flag_mi","type":1,"value":"0"},{"key":"Grid_Code_Range_ess","type":5,"value":"840002"},{"key":"DC_Injection_Detection_Flag_ess","type":1,"value":"1"},{"key":"DC_Injection_Control_Flag_ess","type":1,"value":"1"},{"key":"DC_Injection_Fault_Level1_ess","type":3,"value":"2"},{"key":"DC_Injection_Time_Level1_ess","type":3,"value":"1000"},{"key":"DC_Injection_Fault_Level2_ess","type":3,"value":"2"},{"key":"DC_Injection_Time_Level2_ess","type":3,"value":"500"},{"key":"DC_Injection_Control_Level_ess","type":3,"value":"2"},{"key":"Anti_Islanding_Active_Method_Detection_Flag_ess","type":1,"value":"1"},{"key":"Anti_Islanding_Freq_Feedback_Function_Flag_ess","type":1,"value":"1"},{"key":"Anti_Islanding_Gain1_ess","type":3,"value":"100"},{"key":"Anti_Islanding_Gain2_ess","type":3,"value":"100"},{"key":"Anti_Islanding_Freq_Feedback_ess","type":1,"value":"0.25"},{"key":"Anti_Islanding_Step_Injection_ess","type":1,"value":"0.10"},{"key":"Softstart_Gradient_Enable_Flag_ess","type":1,"value":"1"},{"key":"GradientUnit_Select_Flag_ess","type":1,"value":"0"},{"key":"Soft_Start_Gradient_ess","type":3,"value":"0.33"},{"key":"Permit_Service_Mode_Select_ess","type":1,"value":"1"},{"key":"Enter_Service_RANDOMIZED_DELAY_ess","type":1,"value":"0"},{"key":"Reconnection_Time_ess","type":3,"value":"300"},{"key":"Randomized_delay_Time_ess","type":3,"value":"300"},{"key":"Over_Voltage_Release_Level_ess","type":3,"value":"105.0"},{"key":"Over_Voltage_Release_Time_ess","type":3,"value":"200"},{"key":"Under_Voltage_Release_Level_ess","type":3,"value":"91.7"},{"key":"Under_Voltage_Release_Time_ess","type":3,"value":"200"},{"key":"Over_Frequency_Release_Level_ess","type":5,"value":"60.100"},{"key":"Over_Frequency_Release_Time_ess","type":3,"value":"200"},{"key":"Under_Frequency_Release_Level_ess","type":3,"value":"59.500"},{"key":"Under_Frequency_Release_Time_ess","type":3,"value":"200"},{"key":"IEEE2030_5_Curve_Type_ess","type":1,"value":"255"},{"key":"IEEE2030_5_Curve_Flag_ess","type":1,"value":"0"},{"key":"HVRT_Momentary_Level_ess","type":3,"value":"110.0"},{"key":"LVRT_Momentary_Level_ess","type":3,"value":"50.0"},{"key":"Grid_Code_Range_mi","type":5,"value":"840002"},{"key":"DC_Injection_Detection_Flag_mi","type":1,"value":"0"},{"key":"DC_Injection_Control_Flag_mi","type":1,"value":"0"},{"key":"DC_Injection_Fault_Level1_mi","type":3,"value":"0"},{"key":"DC_Injection_Time_Level1_mi","type":3,"value":"0"},{"key":"DC_Injection_Fault_Level2_mi","type":3,"value":"0"},{"key":"DC_Injection_Time_Level2_mi","type":3,"value":"0"},{"key":"DC_Injection_Control_Level_mi","type":3,"value":"0"},{"key":"Anti_Islanding_Active_Method_Detection_Flag_mi","type":1,"value":"0"},{"key":"Anti_Islanding_Freq_Feedback_Function_Flag_mi","type":1,"value":"0"},{"key":"Anti_Islanding_Gain1_mi","type":3,"value":"0"},{"key":"Anti_Islanding_Gain2_mi","type":3,"value":"0"},{"key":"Anti_Islanding_Freq_Feedback_mi","type":1,"value":"0"},{"key":"Anti_Islanding_Step_Injection_mi","type":1,"value":"0"},{"key":"Softstart_Gradient_Enable_Flag_mi","type":1,"value":"1"},{"key":"GradientUnit_Select_Flag_mi","type":1,"value":"0"},{"key":"Soft_Start_Gradient_mi","type":3,"value":"0.33"},{"key":"Permit_Service_Mode_Select_mi","type":1,"value":"1"},{"key":"Enter_Service_RANDOMIZED_DELAY_mi","type":1,"value":"0"},{"key":"Reconnection_Time_mi","type":3,"value":"300"},{"key":"Randomized_delay_Time_mi","type":3,"value":"300"},{"key":"Over_Voltage_Release_Level_mi","type":3,"value":"105.0"},{"key":"Over_Voltage_Release_Time_mi","type":3,"value":"0"},{"key":"Under_Voltage_Release_Level_mi","type":3,"value":"91.7"},{"key":"Under_Voltage_Release_Time_mi","type":3,"value":"0"},{"key":"Over_Frequency_Release_Level_mi","type":5,"value":"60.100"},{"key":"Over_Frequency_Release_Time_mi","type":3,"value":"0"},{"key":"Under_Frequency_Release_Level_mi","type":3,"value":"59.500"},{"key":"Under_Frequency_Release_Time_mi","type":3,"value":"0"},{"key":"IEEE2030_5_Curve_Type_mi","type":1,"value":"0"},{"key":"IEEE2030_5_Curve_Flag_mi","type":1,"value":"0"},{"key":"HVRT_Momentary_Level_mi","type":3,"value":"110.0"},{"key":"LVRT_Momentary_Level_mi","type":3,"value":"50.0"},{"key":"Flag_Dyn_Curr","type":1,"value":"0"},{"key":"Dyn_Curr_Db_VMax","type":3,"value":"5"},{"key":"Dyn_Curr_Db_VMin","type":3,"value":"5"},{"key":"Dyn_Curr_Ar_Gra_Sag_Ratio","type":3,"value":"10"},{"key":"Dyn_Curr_Ar_Gra_Swell_Ratio","type":3,"value":"10"},{"key":"Dyn_Curr_Filter_Tms","type":5,"value":"300000"},{"key":"Flag_Dyn_Curr_Ar_Gra_Mod","type":1,"value":"0"},{"key":"Flag_Dyn_Curr_Event_Base_Ena","type":1,"value":"0"},{"key":"Wiring_Set_Momory_Sector","type":1,"value":"0"},{"key":"Wiring_Set_AC_FREQ","type":1,"value":"0"},{"key":"Wiring_Set_Region","type":1,"value":"1"},{"key":"Wiring_Set_AC_Type","type":1,"value":"0"},{"key":"TOV_Ena","type":1,"value":"0"},{"key":"Energy_Policy","type":1,"value":"0"},{"key":"GFDI_Enable_Flag","type":1,"value":"0"},{"key":"GFDI_Margin","type":3,"value":"100"},{"key":"Int_Island_Cat","type":1,"value":"1"},{"key":"Measure_Harm_Limit","type":3,"value":"8000"},{"key":"Harm_Shift","type":1,"value":"5"},{"key":"Freq_Band","type":3,"value":"0.036"},{"key":"Normal_Ramp_Rate_Enable_Flag","type":1,"value":"0"},{"key":"Wramp","type":3,"value":"100.00"},{"key":"HV_Momcess_Flag","type":1,"value":"1"},{"key":"DER_Trip_HV_Crv_MomCess_Pt_V_1","type":3,"value":"110.0"},{"key":"LV_Momcess_Flag","type":1,"value":"1"},{"key":"DER_Trip_LV_Crv_MomCess_Pt_V_1","type":3,"value":"50.0"},{"key":"HVRT_Curve_Num","type":1,"value":"5"},{"key":"Over_Voltage_Detection_Level6","type":3,"value":"110.0"},{"key":"Over_Voltage_Detection_Time6","type":3,"value":"13000"},{"key":"Over_Voltage_Detection_Level7","type":3,"value":"110.0"},{"key":"Over_Voltage_Detection_Time7","type":3,"value":"13000"},{"key":"Over_Voltage_Detection_Level8","type":3,"value":"110.0"},{"key":"Over_Voltage_Detection_Time8","type":3,"value":"13000"},{"key":"Over_Voltage_Detection_Level9","type":3,"value":"110.0"},{"key":"Over_Voltage_Detection_Time9","type":3,"value":"13000"},{"key":"Over_Voltage_Detection_Level10","type":3,"value":"110.0"},{"key":"Over_Voltage_Detection_Time10","type":3,"value":"13000"},{"key":"LVRT_Curve_Num","type":1,"value":"5"},{"key":"Under_Voltage_Detection_Level6","type":3,"value":"88.0"},{"key":"Under_Voltage_Detection_Time6","type":3,"value":"50000"},{"key":"Under_Voltage_Detection_Level7","type":3,"value":"88.0"},{"key":"Under_Voltage_Detection_Time7","type":3,"value":"50000"},{"key":"Under_Voltage_Detection_Level8","type":3,"value":"88.0"},{"key":"Under_Voltage_Detection_Time8","type":3,"value":"50000"},{"key":"Under_Voltage_Detection_Level9","type":3,"value":"88.0"},{"key":"Under_Voltage_Detection_Time9","type":3,"value":"50000"},{"key":"Under_Voltage_Detection_Level10","type":3,"value":"88.0"},{"key":"Under_Voltage_Detection_Time10","type":3,"value":"50000"},{"key":"HFRT_Curve_Num","type":1,"value":"5"},{"key":"Over_Frequency_Detection_Level6","type":5,"value":"61.200"},{"key":"Over_Frequency_Detection_Time6","type":5,"value":"1000000"},{"key":"Over_Frequency_Detection_Level7","type":5,"value":"61.200"},{"key":"Over_Frequency_Detection_Time7","type":5,"value":"1000000"},{"key":"Over_Frequency_Detection_Level8","type":5,"value":"61.200"},{"key":"Over_Frequency_Detection_Time8","type":5,"value":"1000000"},{"key":"Over_Frequency_Detection_Level9","type":5,"value":"61.200"},{"key":"Over_Frequency_Detection_Time9","type":5,"value":"1000000"},{"key":"Over_Frequency_Detection_Level10","type":5,"value":"61.200"},{"key":"Over_Frequency_Detection_Time10","type":5,"value":"1000000"},{"key":"LFRT_Curve_Num","type":1,"value":"5"},{"key":"Under_Frequency_Detection_Level6","type":5,"value":"58.500"},{"key":"Under_Frequency_Detection_Time6","type":5,"value":"1000000"},{"key":"Under_Frequency_Detection_Level7","type":5,"value":"58.500"},{"key":"Under_Frequency_Detection_Time7","type":5,"value":"1000000"},{"key":"Under_Frequency_Detection_Level8","type":5,"value":"58.500"},{"key":"Under_Frequency_Detection_Time8","type":5,"value":"1000000"},{"key":"Under_Frequency_Detection_Level9","type":5,"value":"58.500"},{"key":"Under_Frequency_Detection_Time9","type":5,"value":"1000000"},{"key":"Under_Frequency_Detection_Level10","type":5,"value":"58.500"},{"key":"Under_Frequency_Detection_Time10","type":5,"value":"1000000"},{"key":"VoltWatt_Curve_Num","type":1,"value":"4"},{"key":"VoltWatt_X3","type":3,"value":"110.0"},{"key":"VoltWatt_Y3","type":4,"value":"0.0"},{"key":"VoltWatt_X4","type":3,"value":"110.0"},{"key":"VoltWatt_Y4","type":4,"value":"0.0"},{"key":"VoltWatt_X5","type":3,"value":"110.0"},{"key":"VoltWatt_Y5","type":4,"value":"0.0"},{"key":"VoltWatt_X6","type":3,"value":"110.0"},{"key":"VoltWatt_Y6","type":4,"value":"0.0"},{"key":"VoltWatt_X7","type":3,"value":"110.0"},{"key":"VoltWatt_Y7","type":4,"value":"0.0"},{"key":"VoltWatt_X8","type":3,"value":"110.0"},{"key":"VoltWatt_Y8","type":4,"value":"0.0"},{"key":"VoltWatt_X9","type":3,"value":"110.0"},{"key":"VoltWatt_Y9","type":4,"value":"0.0"},{"key":"VoltWatt_X10","type":3,"value":"110.0"},{"key":"VoltWatt_Y10","type":4,"value":"0.0"},{"key":"Qp_Curve_Num","type":1,"value":"6"},{"key":"wattvar_X7","type":4,"value":"100.0"},{"key":"wattvar_Y7","type":4,"value":"44.0"},{"key":"wattvar_X8","type":4,"value":"100.0"},{"key":"wattvar_Y8","type":4,"value":"44.0"},{"key":"wattvar_X9","type":4,"value":"100.0"},{"key":"wattvar_Y9","type":4,"value":"44.0"},{"key":"wattvar_X10","type":4,"value":"100.0"},{"key":"wattvar_Y10","type":4,"value":"44.0"},{"key":"VoltVar_Qu_Curve_Num","type":1,"value":"4"},{"key":"voltvar_X5","type":3,"value":"108.0"},{"key":"voltvar_Y5","type":4,"value":"-44.0"},{"key":"voltvar_X6","type":3,"value":"108.0"},{"key":"voltvar_Y6","type":4,"value":"-44.0"},{"key":"voltvar_X7","type":3,"value":"108.0"},{"key":"voltvar_Y7","type":4,"value":"-44.0"},{"key":"voltvar_X8","type":3,"value":"108.0"},{"key":"voltvar_Y8","type":4,"value":"-44.0"},{"key":"voltvar_X9","type":3,"value":"108.0"},{"key":"voltvar_Y9","type":4,"value":"-44.0"},{"key":"voltvar_X10","type":3,"value":"108.0"},{"key":"voltvar_Y10","type":4,"value":"-44.0"},{"key":"EMS_Energy_Policy","type":1,"value":"0"},{"key":"Feeder_Ex_P_Limit","type":6,"value":"0"},{"key":"Feeder_Im_P_Limit","type":6,"value":"0"},{"key":"Grid_Ex_P_Limit","type":6,"value":"96000"},{"key":"Grid_Im_P_Limit","type":6,"value":"-96000"},{"key":"Tot_ESS_to_Grid_Ex_P_Limit","type":6,"value":"23000"},{"key":"Tot_ESS_to_Grid_Im_P_Limit","type":6,"value":"-23000"},{"key":"Tot_ESS_Ex_P_Limit","type":6,"value":"23000"},{"key":"Tot_ESS_Im_P_Limit","type":6,"value":"-23000"},{"key":"Battery1_Charge_Limit","type":4,"value":"-8000"},{"key":"Battery2_Charge_Limit","type":4,"value":"-8000"},{"key":"Battery3_Charge_Limit","type":4,"value":"-8000"},{"key":"Battery4_Charge_Limit","type":4,"value":"-8000"},{"key":"Battery1_Discharge_Limit","type":3,"value":"11960"},{"key":"Battery2_Discharge_Limit","type":3,"value":"11960"},{"key":"Battery3_Discharge_Limit","type":3,"value":"11960"},{"key":"Battery4_Discharge_Limit","type":3,"value":"11960"},{"key":"Battery_Installation_Status","type":1,"value":"0"},{"key":"energy_tou_schedules","type":11,"value":"[]"},{"key":"energy_vpp_schedules","type":11,"value":"[]"},{"key":"energy_storm_cover_schedules","type":11,"value":"[]"},{"key":"ESS_Operating_Mode","type":1,"value":"0"},{"key":"default_tou_operation","type":1,"value":"5"},{"key":"Feed_In_Limit_Flag","type":1,"value":"0"},{"key":"Pre_PTO_Mode","type":1,"value":"0"},{"key":"Grid_Load_Backup_Priority_Mode","type":1,"value":"0"},{"key":"ESS_Charge_Current_Limit","type":4,"value":"-48"},{"key":"ESS_Discharge_Current_Limit","type":4,"value":"48"},{"key":"log_level_api","type":1,"value":"1"}],"result":true,"table":"system_setting"}}
  select_all_records(persistent_state) 응답: {"error_code":"NONE","payload":{"db":"edge_storage.db","records":[{"key":"firmware_update_state","type":1,"value":"0"},{"key":"cloud_connected_time","type":10,"value":""},{"key":"cloud_disconnected_time","type":10,"value":""},{"key":"MIScanResult","type":10,"value":"{\"mi_plc_addresses\":[]}"},{"key":"energy_monitor_accum_data","type":10,"value":"{\"devices\":[{\"assetId\":\"5920259c-e6ff-4d31-9f9b-5a5c663548dd\",\"dailyCumulativeValues\":{\"battery_701_DailyWhAbs\":0.0,\"battery_701_DailyWhInj\":0.0,\"battery_714_DailyDCWhAbs\":0.0,\"battery_714_DailyDCWhInj\":0.0,\"extpv_701_DailyWhAbs\":0.0,\"pv_701_DailyWhAbs\":0.0}},{\"assetId\":\"1c6c8562-955e-4bd1-bb4e-1656ca2317a5\",\"dailyCumulativeValues\":{\"pv_701_DailyWhAbs\":0.0}},{\"assetId\":\"ba49edcc-76fc-45d6-b68b-269eb3a4b41e\",\"dailyCumulativeValues\":{\"pv_701_DailyWhAbs\":0.0}}],\"site\":{\"assetId\":\"a2102559-45cb-4dc9-9b1a-495bb4571518\",\"dailyCumulativeValues\":{\"battery_200_DailyWhExp\":0.0,\"battery_200_DailyWhImp\":0.0,\"extpv_200_DailyWhExp\":0.0,\"grid_200_DailyWhExp\":0.0,\"grid_200_DailyWhImp\":0.0,\"load_200_DailyWhImp\":0.0,\"pv_200_DailyWhExp\":0.0}},\"timestamp\":\"2026-08-11T03:26:58Z\",\"version\":\"0.1\"}"},{"key":"1741sb_enabled","type":0,"value":"false"},{"key":"csip_enabled","type":0,"value":"false"},{"key":"commissioning_date","type":10,"value":""},{"key":"mpu_fw_updated","type":0,"value":"false"},{"key":"auth_token_failed_attempts","type":11,"value":"{\"count\":0,\"lastFailedAt\":null}"},{"key":"emmc_life_avg","type":1,"value":"10"},{"key":"Operation_Status","type":1,"value":"4"},{"key":"EnergyControl_Status","type":3,"value":"0"},{"key":"Engineer_Control_Mode","type":1,"value":"0"},{"key":"MPU_Operation_CMD","type":1,"value":"0"},{"key":"Power_Control_Point","type":3,"value":"0"},{"key":"System_Target_Power","type":6,"value":"0"},{"key":"Battery_Target_Power","type":6,"value":"0"},{"key":"PV_Power_Limit","type":6,"value":"0"}],"result":true,"table":"persistent_state"}}
  select_all_records(configuration) 응답: {"error_code":"NONE","payload":{"db":"edge_storage.db","records":[],"result":true,"table":"configuration"}}
[PASS] TC09-4: 필수 테이블 존재
=== TC10: Register Map 최신 정보 Cloud Sync (SyncRegisterMapRequest) ===
  [사전조건] sqlite3 강제 insert로 register_map에 미동기화 레코드 생성 후 uplink_ready false->true 주입
  $ sqlite3 /edge/db/edge_storage.db .schema register_map
    /tmp/tc_db_manager.sh: line 58: sqlite3: command not found
    exit_code:0
  $ sqlite3 /edge/db/edge_storage.db INSERT INTO register_map (value) VALUES ('{"dummy":true}');
    /tmp/tc_db_manager.sh: line 58: sqlite3: command not found
    exit_code:0
  baseline=2026-08-11 12:27:11
  동기화 트리거 대기 (10초)...
  $ journalctl -u docker-loader --since 2026-08-11 12:27:11
    Aug 11 12:27:11 qcells-emsplus docker-loader[36569]: [12:27:11:355][D][DB] [DbManager] request select_all_records from tc_runner, tid: , timestamp:
    Aug 11 12:27:11 qcells-emsplus docker-loader[36569]: [12:27:11:908][D][DB] [DbManager] request select_all_records from tc_runner, tid: , timestamp:
    Aug 11 12:27:11 qcells-emsplus docker-loader[36569]: [12:27:11:969][I][DM] Cloud uplink (tc_runner) ready=false
    Aug 11 12:27:11 qcells-emsplus docker-loader[36569]: [12:27:11:969][I][SM] Cloud uplink (tc_runner) ready=false
    Aug 11 12:27:11 qcells-emsplus docker-loader[36569]: [12:27:11:969][I][ER] Cloud uplink (tc_runner) ready=false
    Aug 11 12:27:11 qcells-emsplus docker-loader[36569]: [12:27:11:969][I][ET] Cloud uplink (tc_runner) ready=false
    Aug 11 12:27:11 qcells-emsplus docker-loader[36569]: [12:27:11:969][W][ET] Unknown service for notification: uplink_ready
    Aug 11 12:27:11 qcells-emsplus docker-loader[36569]: [12:27:11:969][I][EL] Cloud uplink (tc_runner) ready=false
    Aug 11 12:27:11 qcells-emsplus docker-loader[36569]: [12:27:11:969][I][DB] Cloud uplink (tc_runner) ready=false
    Aug 11 12:27:11 qcells-emsplus docker-loader[36569]: [12:27:11:969][D][DB] [DbManager] handle_noti_uplink_ready timestamp:  source: tc_runner service: uplink_ready
    Aug 11 12:27:11 qcells-emsplus docker-loader[36569]: [12:27:11:969][I][DB] Cloud uplink ready status: not_ready
    Aug 11 12:27:11 qcells-emsplus docker-loader[36569]: [12:27:11:969][I][AZ] Cloud uplink (tc_runner) ready=false
    Aug 11 12:27:11 qcells-emsplus docker-loader[36569]: [12:27:11:970][I][ED] Cloud uplink (tc_runner) ready=false
    Aug 11 12:27:11 qcells-emsplus docker-loader[36569]: [12:27:11:970][W][ED] Unknown service for notification: uplink_ready
    Aug 11 12:27:11 qcells-emsplus docker-loader[36569]: [12:27:11:970][I][DI] Cloud uplink (tc_runner) ready=false
    Aug 11 12:27:11 qcells-emsplus docker-loader[36569]: [12:27:11:970][W][DI] Unknown service for notification: uplink_ready
    Aug 11 12:27:11 qcells-emsplus docker-loader[36569]: [12:27:11:970][I][SL] Cloud uplink (tc_runner) ready=false
    Aug 11 12:27:11 qcells-emsplus docker-loader[36569]: [12:27:11:971][I][CB] Cloud uplink (tc_runner) ready=false
    Aug 11 12:27:11 qcells-emsplus docker-loader[36569]: [12:27:11:972][I][SC] Cloud uplink (tc_runner) ready=false
    Aug 11 12:27:11 qcells-emsplus docker-loader[36569]: [12:27:11:972][I][UM] Cloud uplink (tc_runner) ready=false
    Aug 11 12:27:11 qcells-emsplus docker-loader[36569]: [12:27:11:973][W][UM] Unknown service for notification: uplink_ready
    Aug 11 12:27:11 qcells-emsplus docker-loader[36569]: [12:27:11:973][I][BC] Cloud uplink (tc_runner) ready=false
    Aug 11 12:27:11 qcells-emsplus docker-loader[36569]: [12:27:11:974][I][VL] Cloud uplink (tc_runner) ready=false
    Aug 11 12:27:11 qcells-emsplus docker-loader[36569]: [12:27:11:974][I][GM] Cloud uplink (tc_runner) ready=false
    Aug 11 12:27:11 qcells-emsplus docker-loader[36569]: [12:27:11:974][I][RT] Cloud uplink (tc_runner) ready=false
    Aug 11 12:27:11 qcells-emsplus docker-loader[36569]: [12:27:11:974][W][RT] Unknown service for notification: uplink_ready
    Aug 11 12:27:11 qcells-emsplus docker-loader[36569]: [12:27:11:974][I][DL] Cloud uplink (tc_runner) ready=false
    Aug 11 12:27:11 qcells-emsplus docker-loader[36569]: [12:27:11:974][W][DL] Unknown service for notification: uplink_ready
    Aug 11 12:27:13 qcells-emsplus docker-loader[36569]: [12:27:13:006][I][ER] Cloud uplink (tc_runner) ready=true
    Aug 11 12:27:13 qcells-emsplus docker-loader[36569]: [12:27:13:007][I][ET] Cloud uplink (tc_runner) ready=true
    Aug 11 12:27:13 qcells-emsplus docker-loader[36569]: [12:27:13:007][I][DM] Cloud uplink (tc_runner) ready=true
    Aug 11 12:27:13 qcells-emsplus docker-loader[36569]: [12:27:13:007][W][ET] Unknown service for notification: uplink_ready
    Aug 11 12:27:13 qcells-emsplus docker-loader[36569]: [12:27:13:009][I][DL] Cloud uplink (tc_runner) ready=true
    Aug 11 12:27:13 qcells-emsplus docker-loader[36569]: [12:27:13:009][W][DL] Unknown service for notification: uplink_ready
    Aug 11 12:27:13 qcells-emsplus docker-loader[36569]: [12:27:13:010][I][BC] Cloud uplink (tc_runner) ready=true
    Aug 11 12:27:13 qcells-emsplus docker-loader[36569]: [12:27:13:010][I][RT] Cloud uplink (tc_runner) ready=true
    Aug 11 12:27:13 qcells-emsplus docker-loader[36569]: [12:27:13:010][W][RT] Unknown service for notification: uplink_ready
    Aug 11 12:27:13 qcells-emsplus docker-loader[36569]: [12:27:13:070][I][SM] Cloud uplink (tc_runner) ready=true
    Aug 11 12:27:13 qcells-emsplus docker-loader[36569]: [12:27:13:070][I][EL] Cloud uplink (tc_runner) ready=true
    Aug 11 12:27:13 qcells-emsplus docker-loader[36569]: [12:27:13:070][I][DB] Cloud uplink (tc_runner) ready=true
    Aug 11 12:27:13 qcells-emsplus docker-loader[36569]: [12:27:13:070][D][DB] [DbManager] handle_noti_uplink_ready timestamp:  source: tc_runner service: uplink_ready
    Aug 11 12:27:13 qcells-emsplus docker-loader[36569]: [12:27:13:070][I][DB] Cloud uplink ready status: ready
    Aug 11 12:27:13 qcells-emsplus docker-loader[36569]: [12:27:13:070][I][AZ] Cloud uplink (tc_runner) ready=true
    Aug 11 12:27:13 qcells-emsplus docker-loader[36569]: [12:27:13:070][I][DB] Cloud uplink became ready, starting sync...
    Aug 11 12:27:13 qcells-emsplus docker-loader[36569]: [12:27:13:070][I][DB] Syncing configuration to IoT Hub
    Aug 11 12:27:13 qcells-emsplus docker-loader[36569]: [12:27:13:071][I][SL] Cloud uplink (tc_runner) ready=true
    Aug 11 12:27:13 qcells-emsplus docker-loader[36569]: [12:27:13:071][I][CB] Cloud uplink (tc_runner) ready=true
    Aug 11 12:27:13 qcells-emsplus docker-loader[36569]: [12:27:13:071][I][DI] Cloud uplink (tc_runner) ready=true
    Aug 11 12:27:13 qcells-emsplus docker-loader[36569]: [12:27:13:071][W][DI] Unknown service for notification: uplink_ready
    Aug 11 12:27:13 qcells-emsplus docker-loader[36569]: [12:27:13:071][I][DB] Found 1 unsynced configuration records
    Aug 11 12:27:13 qcells-emsplus docker-loader[36569]: [12:27:13:072][I][ED] Cloud uplink (tc_runner) ready=true
    Aug 11 12:27:13 qcells-emsplus docker-loader[36569]: [12:27:13:072][W][ED] Unknown service for notification: uplink_ready
    Aug 11 12:27:13 qcells-emsplus docker-loader[36569]: [12:27:13:074][I][UM] Cloud uplink (tc_runner) ready=true
    Aug 11 12:27:13 qcells-emsplus docker-loader[36569]: [12:27:13:074][I][SC] Cloud uplink (tc_runner) ready=true
    Aug 11 12:27:13 qcells-emsplus docker-loader[36569]: [12:27:13:074][W][UM] Unknown service for notification: uplink_ready
    Aug 11 12:27:13 qcells-emsplus docker-loader[36569]: [12:27:13:075][I][GM] Cloud uplink (tc_runner) ready=true
    Aug 11 12:27:13 qcells-emsplus docker-loader[36569]: [12:27:13:075][I][VL] Cloud uplink (tc_runner) ready=true
    Aug 11 12:27:13 qcells-emsplus docker-loader[36569]: [12:27:13:094][I][DB] Mapped correlationId msg-1727361a-948d-45d5-b6c1-e875e192a781 to DB key 1 and stored device list
    Aug 11 12:27:13 qcells-emsplus docker-loader[36569]: [12:27:13:108][I][DB] Configuration data sent to IoT Hub successfully for key 1 with correlationId: msg-1727361a-948d-45d5-b6c1-e875e192a781
    Aug 11 12:27:13 qcells-emsplus docker-loader[36569]: [12:27:13:115][I][DB] Syncing register map to IoT Hub
    Aug 11 12:27:13 qcells-emsplus docker-loader[36569]: [12:27:13:122][I][DB] Found 1 unsynced register map records
    Aug 11 12:27:13 qcells-emsplus docker-loader[36569]: [12:27:13:128][I][CB] [MSG] D2C out | messageType=SyncConfigurationRequest from=db_manager correlationId=msg-1727361a-948d-45d5-b6c1-e875e192a781
    Aug 11 12:27:13 qcells-emsplus docker-loader[36569]: [12:27:13:265][I][DB] Mapped correlationId msg-cf923919-ac21-4d77-8b96-e7d9d6a38a58 to register_map DB key 1
    Aug 11 12:27:13 qcells-emsplus docker-loader[36569]: [12:27:13:361][I][DB] Register map data sent to IoT Hub successfully with correlationId: msg-cf923919-ac21-4d77-8b96-e7d9d6a38a58
    Aug 11 12:27:13 qcells-emsplus docker-loader[36569]: [12:27:13:507][I][CB] [MSG] D2C out | messageType=SyncRegisterMapRequest from=db_manager correlationId=msg-cf923919-ac21-4d77-8b96-e7d9d6a38a58
    Aug 11 12:27:15 qcells-emsplus docker-loader[36569]: [12:27:15:438][I][CB] siteId not set, skipping ReportCommonAlarm
    Aug 11 12:27:15 qcells-emsplus docker-loader[36569]: [12:27:15:439][W][DI] Unknown service for response: send_d2c_message
    Aug 11 12:27:15 qcells-emsplus docker-loader[36569]: [12:27:15:760][I][SM] Internet: Connected (RTT: 34ms)
    exit_code:0
[PASS] TC10-1: 동기화 트리거 로그 출현
[PASS] TC10-2: D2C 전송 시도 로그 출현

============================================
 결과: PASS=22  FAIL=4
============================================

[안내] TC06(리부트)은 별도 실행 (기본 실행에 미포함):
  ./tc_db_manager.sh --tc06-pre   (재부팅 발생)
  ./tc_db_manager.sh --tc06-post  (재접속 후)
exit=0
RUN_END: 12:27:23
